Microchip Technology Inc, vv1.24 (0)

Tool Name:
  c:\program files (x86)\microchip\xc16\v1.24\bin\bin\..\bin/elf-ld.exe

Command:
  -p30F6014A \
  -o \
  dist/default/production/demoGCtronic.X.production.elf \
  -Lc:/program files (x86)/microchip/xc16/v1.24/bin/bin/.. \
  -Lc:/program files (x86)/microchip/xc16/v1.24/bin/bin/../../lib \
  -Lc:/program files (x86)/microchip/xc16/v1.24/bin/bin/../../lib/PIC24E \
  -Lc:/program files (x86)/microchip/xc16/v1.24/bin/bin/../../support/PIC24E/gld \
  -Lc:/program files (x86)/microchip/xc16/v1.24/bin/bin/../../lib/PIC24F \
  -Lc:/program files (x86)/microchip/xc16/v1.24/bin/bin/../../support/PIC24F/gld \
  -Lc:/program files (x86)/microchip/xc16/v1.24/bin/bin/../../lib/PIC24H \
  -Lc:/program files (x86)/microchip/xc16/v1.24/bin/bin/../../support/PIC24H/gld \
  -Lc:/program files (x86)/microchip/xc16/v1.24/bin/bin/../../lib/dsPIC30F \
  -Lc:/program files (x86)/microchip/xc16/v1.24/bin/bin/../../support/dsPIC30F/gld \
  -Lc:/program files (x86)/microchip/xc16/v1.24/bin/bin/../../lib/dsPIC33E \
  -Lc:/program files (x86)/microchip/xc16/v1.24/bin/bin/../../support/dsPIC33E/gld \
  -Lc:/program files (x86)/microchip/xc16/v1.24/bin/bin/../../lib/dsPIC33F \
  -Lc:/program files (x86)/microchip/xc16/v1.24/bin/bin/../../support/dsPIC33F/gld \
  build/default/production/_ext/1472/Asercom.o \
  build/default/production/_ext/1472/DataEEPROM.o \
  build/default/production/_ext/1472/main_c.o \
  build/default/production/_ext/1472/runaccelerometer.o \
  build/default/production/_ext/1472/runbreitenberg_adv.o \
  build/default/production/_ext/1472/rungrounddirection.o \
  build/default/production/_ext/1472/runshow.o \
  build/default/production/_ext/1472/runwallfollow.o \
  build/default/production/_ext/1472/translatorI2C.o \
  build/default/production/_ext/1949949662/e_led.o \
  build/default/production/_ext/1949949662/e_motors.o \
  build/default/production/_ext/1362274096/e_ad_conv.o \
  build/default/production/_ext/904308887/utility.o \
  build/default/production/_ext/417766185/e_I2C_master_module.o \
  build/default/production/_ext/930121020/e_common.o \
  build/default/production/_ext/1362274096/e_acc.o \
  build/default/production/_ext/64492303/e_uart1_tx_char.o \
  build/default/production/_ext/64492303/e_uart2_tx_char.o \
  build/default/production/_ext/64492303/e_uart2_rx_char.o \
  build/default/production/_ext/64492303/e_uart1_rx_char.o \
  build/default/production/_ext/1949949662/e_remote_control.o \
  build/default/production/_ext/1259340286/e_init_port.o \
  build/default/production/_ext/1949949662/e_agenda.o \
  build/default/production/_ext/417766185/e_I2C_protocol.o \
  build/default/production/_ext/1362274096/e_prox.o \
  build/default/production/_ext/2015481517/e_sound.o \
  build/default/production/_ext/930121020/e_po6030k_registers.o \
  build/default/production/_ext/930121020/e_po3030k_registers.o \
  build/default/production/_ext/930121020/e_po8030d_registers.o \
  build/default/production/_ext/2015481517/e_sub_dci_kickoff.o \
  build/default/production/_ext/2015481517/e_init_dci_master.o \
  build/default/production/_ext/2015481517/e_init_codec_slave.o \
  build/default/production/_ext/1362274096/e_micro.o \
  build/default/production/_ext/663421589/e_bluetooth.o \
  build/default/production/_ext/930121020/e_calc_po3030k.o \
  build/default/production/_ext/930121020/e_calc_po6030k.o \
  build/default/production/_ext/930121020/e_calc_po8030d.o \
  build/default/production/_ext/930121020/e_timers.o \
  build/default/production/_ext/64492303/e_init_uart1.o \
  build/default/production/_ext/64492303/e_init_uart2.o \
  build/default/production/_ext/2015481517/e_const_sound.o \
  build/default/production/_ext/2015481517/e_isr_dci.o \
  build/default/production/_ext/930121020/e_interrupt.o \
  build/default/production/_ext/851769008/e_lsm330.o \
  build/default/production/_ext/1472/rungyroscope.o \
  build/default/production/_ext/1472/runsquare.o \
  build/default/production/_ext/1472/rundetectsound.o \
  build/default/production/_ext/1472/epuckPlayer.o \
  --defsym=__MPLAB_BUILD=1 \
  -Tp30F6014A.gld.00 \
  --heap=128 \
  --stack=512 \
  --check-sections \
  --data-init \
  --pack-data \
  --handles \
  --isr \
  --no-gc-sections \
  --fill-upper=0 \
  --stackguard=16 \
  --library-path=C:/Program Files/Microchip/MPLAB C30/lib \
  --library-path=C:/Program Files (x86)/Microchip/MPLAB C30/support/dsPIC30F/gld \
  --no-force-link \
  --smart-io \
  -Map=dist/default/production/demoGCtronic.X.production.map \
  --report-mem \
  -start-group \
  --library=pic30-elf \
  --library=m-elf \
  --library=c-elf \
  -end-group \

Archive member included because of file (symbol)

c:/program files (x86)/microchip/xc16/v1.24/bin/bin/../../lib\libpic30-elf.a(crt0_standard.o)
                              (__resetPRI)
c:/program files (x86)/microchip/xc16/v1.24/bin/bin/../../lib\libpic30-elf.a(data_init_standard.o)
[...]
Memory Configuration

Name             Origin             Length             Attributes
data             0x000800           0x002000           a !xr
reset            0x000000           0x000004  
ivt              0x000004           0x00007c  
_reserved        0x000080           0x000004  
aivt             0x000084           0x00007c  
program          0x000100           0x017f00           xr
eedata           0x7ff000           0x001000  
FUID0            0x8005c0           0x000002  
FUID1            0x8005c2           0x000002  
FUID2            0x8005c4           0x000002  
FUID3            0x8005c6           0x000002  
FOSC             0xf80000           0x000002  
FWDT             0xf80002           0x000002  
FBORPOR          0xf80004           0x000002  
FBS              0xf80006           0x000002  
FSS              0xf80008           0x000002  
FGS              0xf8000a           0x000002  
FICD             0xf8000c           0x000002  
*default*        0x000000           0xffffffff  

Linker script and memory map

LOAD build/default/production/_ext/1472/Asercom.o
LOAD build/default/production/_ext/1472/DataEEPROM.o
LOAD build/default/production/_ext/1472/main_c.o
LOAD build/default/production/_ext/1472/runaccelerometer.o
LOAD build/default/production/_ext/1472/runbreitenberg_adv.o
LOAD build/default/production/_ext/1472/rungrounddirection.o
LOAD build/default/production/_ext/1472/runshow.o
LOAD build/default/production/_ext/1472/runwallfollow.o
LOAD build/default/production/_ext/1472/translatorI2C.o
LOAD build/default/production/_ext/1949949662/e_led.o
LOAD build/default/production/_ext/1949949662/e_motors.o
LOAD build/default/production/_ext/1362274096/e_ad_conv.o
LOAD build/default/production/_ext/904308887/utility.o
LOAD build/default/production/_ext/417766185/e_I2C_master_module.o
LOAD build/default/production/_ext/930121020/e_common.o
LOAD build/default/production/_ext/1362274096/e_acc.o
LOAD build/default/production/_ext/64492303/e_uart1_tx_char.o
LOAD build/default/production/_ext/64492303/e_uart2_tx_char.o
LOAD build/default/production/_ext/64492303/e_uart2_rx_char.o
LOAD build/default/production/_ext/64492303/e_uart1_rx_char.o
LOAD build/default/production/_ext/1949949662/e_remote_control.o
LOAD build/default/production/_ext/1259340286/e_init_port.o
LOAD build/default/production/_ext/1949949662/e_agenda.o
LOAD build/default/production/_ext/417766185/e_I2C_protocol.o
LOAD build/default/production/_ext/1362274096/e_prox.o
LOAD build/default/production/_ext/2015481517/e_sound.o
LOAD build/default/production/_ext/930121020/e_po6030k_registers.o
LOAD build/default/production/_ext/930121020/e_po3030k_registers.o
LOAD build/default/production/_ext/930121020/e_po8030d_registers.o
LOAD build/default/production/_ext/2015481517/e_sub_dci_kickoff.o
LOAD build/default/production/_ext/2015481517/e_init_dci_master.o
LOAD build/default/production/_ext/2015481517/e_init_codec_slave.o
LOAD build/default/production/_ext/1362274096/e_micro.o
LOAD build/default/production/_ext/663421589/e_bluetooth.o
LOAD build/default/production/_ext/930121020/e_calc_po3030k.o
LOAD build/default/production/_ext/930121020/e_calc_po6030k.o
LOAD build/default/production/_ext/930121020/e_calc_po8030d.o
LOAD build/default/production/_ext/930121020/e_timers.o
LOAD build/default/production/_ext/64492303/e_init_uart1.o
LOAD build/default/production/_ext/64492303/e_init_uart2.o
LOAD build/default/production/_ext/2015481517/e_const_sound.o
LOAD build/default/production/_ext/2015481517/e_isr_dci.o
LOAD build/default/production/_ext/930121020/e_interrupt.o
LOAD build/default/production/_ext/851769008/e_lsm330.o
LOAD build/default/production/_ext/1472/rungyroscope.o
LOAD build/default/production/_ext/1472/runsquare.o
LOAD build/default/production/_ext/1472/rundetectsound.o
LOAD build/default/production/_ext/1472/epuckPlayer.o
                    0x0001                  __MPLAB_BUILD = 0x1
LOAD c:/program files (x86)/microchip/xc16/v1.24/bin/bin/../../lib/dsPIC30F\libp30F6014A-elf.a
LOAD c:/program files (x86)/microchip/xc16/v1.24/bin/bin/../../lib\libfx-elf.a
                    0x8005c0                  __FUID0 = 0x8005c0
                    0x8005c2                  __FUID1 = 0x8005c2
                    0x8005c4                  __FUID2 = 0x8005c4
                    0x8005c6                  __FUID3 = 0x8005c6
                    0xf80000                  __FOSC = 0xf80000
                    0xf80002                  __FWDT = 0xf80002
                    0xf80004                  __FBORPOR = 0xf80004
                    0xf80006                  __FBS = 0xf80006
                    0xf80008                  __FSS = 0xf80008
                    0xf8000a                  __FGS = 0xf8000a
                    0xf8000c                  __FICD = 0xf8000c
                    0x0100                  __CODE_BASE = 0x100
                    0x17f00                  __CODE_LENGTH = 0x17f00
                    0x0004                  __IVT_BASE = 0x4
                    0x0084                  __AIVT_BASE = 0x84
                    0x0800                  __DATA_BASE = 0x800
                    0x2000                  __DATA_LENGTH = 0x2000
                    0x1800                  __YDATA_BASE = 0x1800

.reset            0x000000          0x4
                  0x000000          0x2 SHORT 0x100 ABSOLUTE (__reset)
                  0x000001          0x2 SHORT 0x4
                  0x000002          0x2 SHORT 0x0 ((ABSOLUTE (__reset) >> 0x10) & 0x7f)
                  0x000003          0x2 SHORT 0x0

.text             0x000100       0x2662
 *(.init)
 .init            0x000100         0x3c c:/program files (x86)/microchip/xc16/v1.24/bin/bin/../../lib\libpic30-elf.a(crt0_standard.o)
                  0x000100                  __resetPRI
                  0x000100                  __reset
                  0x00012c                  __psv_init
 .init            0x00013c         0x5e c:/program files (x86)/microchip/xc16/v1.24/bin/bin/../../lib\libpic30-elf.a(data_init_standard.o)
                  0x00013c                  __data_init_standard
                  0x00013c                  __data_init
 *(.user_init)
 *(.handle)
 .handle          0x00019a         0x20 jump_table
 *(.isr*)
 .isr.text        0x0001ba        0x112 build/default/production/_ext/930121020/e_timers.o
                  0x0001ba                  __T5Interrupt
                  0x000204                  _e_poxxxx_launch_capture
                  0x00021c                  _e_poxxxx_apply_timer_config
                  0x0002c2                  _e_poxxxx_is_img_ready
 .isr             0x0002cc          0x4 default_isr
                  0x0002cc                  __DefaultInterrupt
 *(.libc)
 .libc            0x0002d0         0x14 c:/program files (x86)/microchip/xc16/v1.24/bin/bin/../../lib\libc-elf.a(isalpha.eso)
                  0x0002d0                  _isalpha
 .libc            0x0002e4         0x10 c:/program files (x86)/microchip/xc16/v1.24/bin/bin/../../lib\libc-elf.a(isspace.eso)
                  0x0002e4                  _isspace
 .libc            0x0002f4          0xc c:/program files (x86)/microchip/xc16/v1.24/bin/bin/../../lib\libc-elf.a(isupper.eso)
                  0x0002f4                  _isupper
 .libc            0x000300          0xe c:/program files (x86)/microchip/xc16/v1.24/bin/bin/../../lib\libc-elf.a(tolower.eso)
                  0x000300                  _tolower
 .libc            0x00030e          0xe c:/program files (x86)/microchip/xc16/v1.24/bin/bin/../../lib\libc-elf.a(toupper.eso)
                  0x00030e                  _toupper
 .libc            0x00031c         0x16 c:/program files (x86)/microchip/xc16/v1.24/bin/bin/../../lib\libpic30-elf.a(_exit.eo)
                  0x00031c                  __exit
 .libc            0x000332         0x68 c:/program files (x86)/microchip/xc16/v1.24/bin/bin/../../lib\libpic30-elf.a(read.eo)
                  0x000332                  _read
 .libc            0x00039a         0x60 c:/program files (x86)/microchip/xc16/v1.24/bin/bin/../../lib\libpic30-elf.a(write.eo)
                  0x00039a                  _write
 .libc            0x0003fa         0x28 c:/program files (x86)/microchip/xc16/v1.24/bin/bin/../../lib\libpic30-elf.a(sbrk.eo)
                  0x0003fa                  _sbrk
 .libc            0x000422         0x1c c:/program files (x86)/microchip/xc16/v1.24/bin/bin/../../lib\libpic30-elf.a(brk.elo)
                  0x000422                  _brk
 *(.libm)
 *(.libdsp)
 *(.lib*)
 .libm.subsf3     0x00043e         0xbc c:/program files (x86)/microchip/xc16/v1.24/bin/bin/../../lib\libm-elf.a(addsf3.eo)
                  0x00043e                  ___subsf3
                  0x000440                  ___addsf3
 .libm.atanf      0x0004fa         0x3a c:/program files (x86)/microchip/xc16/v1.24/bin/bin/../../lib\libm-elf.a(atan2f.eo)
                  0x0004fa                  _atan2f
 .libm.atanf      0x000534         0xca c:/program files (x86)/microchip/xc16/v1.24/bin/bin/../../lib\libm-elf.a(atanf.eo)
                  0x000534                  _atanf
 .libm.divfs3     0x0005fe         0x84 c:/program files (x86)/microchip/xc16/v1.24/bin/bin/../../lib\libm-elf.a(divsf3.eo)
                  0x0005fe                  ___divsf3
 .libm.divsi3     0x000682         0x1e c:/program files (x86)/microchip/xc16/v1.24/bin/bin/../../lib\libm-elf.a(divsi3.eo)
                  0x000682                  ___divsi3
 .libm.eqsf2      0x0006a0          0x4 c:/program files (x86)/microchip/xc16/v1.24/bin/bin/../../lib\libm-elf.a(feqltle.eo)
                  0x0006a0                  ___eqsf2
                  0x0006a0                  ___ltsf2
                  0x0006a0                  ___lesf2
 .libm.gtsf2      0x0006a4          0x4 c:/program files (x86)/microchip/xc16/v1.24/bin/bin/../../lib\libm-elf.a(fgtge.eo)
                  0x0006a4                  ___gesf2
                  0x0006a4                  ___gtsf2
 .libm.fixsfsi    0x0006a8         0x42 c:/program files (x86)/microchip/xc16/v1.24/bin/bin/../../lib\libm-elf.a(fixsfsi.eo)
                  0x0006a8                  _(float, int, long long, short, float, short, int)
 .libm.fixunssfsi
                  0x0006ea         0x36 c:/program files (x86)/microchip/xc16/v1.24/bin/bin/../../lib\libm-elf.a(fixunssfsi.eo)
                  0x0006ea                  ___fixunssfsi
 .libm.floatsisf
                  0x000720          0x6 c:/program files (x86)/microchip/xc16/v1.24/bin/bin/../../lib\libm-elf.a(floatsisf.eo)
                  0x000720                  ___floatsisf
 .libm.floatunsisf
                  0x000726          0x4 c:/program files (x86)/microchip/xc16/v1.24/bin/bin/../../lib\libm-elf.a(floatunsisf.eo)
                  0x000726                  ___floatunsisf
 .libm.floorf     0x00072a         0x10 c:/program files (x86)/microchip/xc16/v1.24/bin/bin/../../lib\libm-elf.a(floorf.eo)
                  0x00072a                  _floorf
 .libm.nesf2      0x00073a          0x4 c:/program files (x86)/microchip/xc16/v1.24/bin/bin/../../lib\libm-elf.a(fne.eo)
                  0x00073a                  ___nesf2
 .libm.fpack      0x00073e         0x4c c:/program files (x86)/microchip/xc16/v1.24/bin/bin/../../lib\libm-elf.a(fpack.eo)
                  0x00073e                  __fpack
 .libm.funpack    0x00078a         0x2a c:/program files (x86)/microchip/xc16/v1.24/bin/bin/../../lib\libm-elf.a(funpack.eo)
                  0x00078a                  __funpack
 .libm.funpack2
                  0x0007b4         0x10 c:/program files (x86)/microchip/xc16/v1.24/bin/bin/../../lib\libm-elf.a(funpack2.eo)
                  0x0007b4                  __funpack2
 .libm.fPropagateNaN
                  0x0007c4         0x12 c:/program files (x86)/microchip/xc16/v1.24/bin/bin/../../lib\libm-elf.a(futil.eo)
                  0x0007c4                  __fPropagateNaN
 .libm.fbobExit
                  0x0007d6          0x8 c:/program files (x86)/microchip/xc16/v1.24/bin/bin/../../lib\libm-elf.a(futil.eo)
                  0x0007d6                  __fbopExit
 .libm.fbopReturnNaN
                  0x0007de          0x6 c:/program files (x86)/microchip/xc16/v1.24/bin/bin/../../lib\libm-elf.a(futil.eo)
                  0x0007de                  __fbopReturnNaN
 .libm.mulsf3     0x0007e4         0x68 c:/program files (x86)/microchip/xc16/v1.24/bin/bin/../../lib\libm-elf.a(mulsf3.eo)
                  0x0007e4                  ___mulsf3
 .libm.sqrtf      0x00084c         0x6a c:/program files (x86)/microchip/xc16/v1.24/bin/bin/../../lib\libm-elf.a(sqrtf.eo)
                  0x00084c                  _sqrtf
 .libm.udivsi3    0x0008b6         0x20 c:/program files (x86)/microchip/xc16/v1.24/bin/bin/../../lib\libm-elf.a(udivsi3.eo)
                  0x0008b6                  ___udivsi3
 .libm.fchop      0x0008d6         0x4e c:/program files (x86)/microchip/xc16/v1.24/bin/bin/../../lib\libm-elf.a(fchop.eo)
                  0x0008d6                  __fchop
 .libm.fcompare
                  0x000924         0x36 c:/program files (x86)/microchip/xc16/v1.24/bin/bin/../../lib\libm-elf.a(fcompare.eo)
                  0x000924                  __fcompare
 .libm.floatdisf
                  0x00095a         0x20 c:/program files (x86)/microchip/xc16/v1.24/bin/bin/../../lib\libm-elf.a(floatdisf.eo)
                  0x00095a                  ___floatdisf
 .libm.floatundisf
                  0x00097a         0x5e c:/program files (x86)/microchip/xc16/v1.24/bin/bin/../../lib\libm-elf.a(floatundisf.eo)
                  0x00097a                  ___floatundisf
 .libc.atoi       0x0009d8         0x3e c:/program files (x86)/microchip/xc16/v1.24/bin/bin/../../lib\libc-elf.a(atoi.eo)
                  0x0009d8                  _atoi
 .libc.exit       0x000a16          0x8 c:/program files (x86)/microchip/xc16/v1.24/bin/bin/../../lib\libc-elf.a(exit.eo)
                  0x000a16                  _exit
 .libc.malloc     0x000a1e        0x11c c:/program files (x86)/microchip/xc16/v1.24/bin/bin/../../lib\libc-elf.a(malloc.eo)
                  0x000a1e                  _malloc
 .libc.free       0x000b3a         0x16 c:/program files (x86)/microchip/xc16/v1.24/bin/bin/../../lib\libc-elf.a(malloc.eo)
                  0x000b3a                  _free
 .libc.realloc    0x000b50         0x7e c:/program files (x86)/microchip/xc16/v1.24/bin/bin/../../lib\libc-elf.a(malloc.eo)
                  0x000b50                  _realloc
 .libc.memcpy     0x000bce          0xe c:/program files (x86)/microchip/xc16/v1.24/bin/bin/../../lib\libc-elf.a(memcpy.eo)
                  0x000bce                  _memcpy
 .libc._cleanup
                  0x000bdc          0x2 c:/program files (x86)/microchip/xc16/v1.24/bin/bin/../../lib\libc-elf.a(stdclean.eo)
                  0x000bdc                  __cleanup
 .libc.strlen     0x000bde          0xe c:/program files (x86)/microchip/xc16/v1.24/bin/bin/../../lib\libc-elf.a(strlen.eo)
                  0x000bde                  _strlen
 .libc._sscanf_cdnopuxX
                  0x000bec         0x1c c:/program files (x86)/microchip/xc16/v1.24/bin/bin/../../lib\libc-elf.a(sscanf_cdnopuxX.XXeo)
                  0x000bec                  __sscanf_cdnopuxX
 .libc.wspace     0x000c08         0x1e c:/program files (x86)/microchip/xc16/v1.24/bin/bin/../../lib\libc-elf.a(doscan_cdnopuxX.XXeo)
 .libc.range      0x000c26         0x46 c:/program files (x86)/microchip/xc16/v1.24/bin/bin/../../lib\libc-elf.a(doscan_cdnopuxX.XXeo)
 .libc._vfscanf_cdnopuxX
                  0x000c6c        0x2a0 c:/program files (x86)/microchip/xc16/v1.24/bin/bin/../../lib\libc-elf.a(doscan_cdnopuxX.XXeo)
                  0x000c6c                  __vfscanf_cdnopuxX
 .libc._sprintf_cdfFnopuxX
                  0x000f0c         0x2c c:/program files (x86)/microchip/xc16/v1.24/bin/bin/../../lib\libc-elf.a(sprintf_cdfFnopuxX.XXeo)
                  0x000f0c                  __sprintf_cdnopuxX
                  0x000f0c                  __sprintf_cdfFnopuxX
 .libc.fround     0x000f38         0xba c:/program files (x86)/microchip/xc16/v1.24/bin/bin/../../lib\libc-elf.a(doprnt_cdfFnopuxX.XXeo)
 .libc.scale      0x000ff2         0xc0 c:/program files (x86)/microchip/xc16/v1.24/bin/bin/../../lib\libc-elf.a(doprnt_cdfFnopuxX.XXeo)
 .libc._vfprintf_cdfFnopuxX
                  0x0010b2        0xbea c:/program files (x86)/microchip/xc16/v1.24/bin/bin/../../lib\libc-elf.a(doprnt_cdfFnopuxX.XXeo)
                  0x0010b2                  __vfprintf_cdfFnopuxX
                  0x0010b2                  __vfprintf_cdnopuxX
 .libc.fgetc      0x001c9c         0x66 c:/program files (x86)/microchip/xc16/v1.24/bin/bin/../../lib\libc-elf.a(fgetc.eo)
                  0x001c9c                  _fgetc
 .libc._filbuf    0x001d02         0x9c c:/program files (x86)/microchip/xc16/v1.24/bin/bin/../../lib\libc-elf.a(filbuf.eo)
                  0x001d02                  __filbuf
 .libc.fputc      0x001d9e         0x88 c:/program files (x86)/microchip/xc16/v1.24/bin/bin/../../lib\libc-elf.a(fputc.eo)
                  0x001d9e                  _fputc
 .libc.ungetc     0x001e26         0x3e c:/program files (x86)/microchip/xc16/v1.24/bin/bin/../../lib\libc-elf.a(ungetc.eo)
                  0x001e26                  _ungetc
 .libc.fflush     0x001e64         0x54 c:/program files (x86)/microchip/xc16/v1.24/bin/bin/../../lib\libc-elf.a(fflush.eo)
                  0x001e64                  _fflush
 .libc._flsbuf    0x001eb8         0x84 c:/program files (x86)/microchip/xc16/v1.24/bin/bin/../../lib\libc-elf.a(flsbuf.eo)
                  0x001eb8                  __flsbuf
 .libc.doread     0x001f3c          0x4 c:/program files (x86)/microchip/xc16/v1.24/bin/bin/../../lib\libpic30-elf.a(read.eo)
 .libc.dowrite    0x001f40          0x4 c:/program files (x86)/microchip/xc16/v1.24/bin/bin/../../lib\libpic30-elf.a(write.eo)
 .libm.adddf3     0x001f44         0xfa c:/program files (x86)/microchip/xc16/v1.24/bin/bin/../../lib\libm-elf.a(adddf3.eo)
                  0x001f44                  ___adddf3
 .libm.eqdf2      0x00203e          0xa c:/program files (x86)/microchip/xc16/v1.24/bin/bin/../../lib\libm-elf.a(deqltle.eo)
                  0x00203e                  ___eqdf2
                  0x00203e                  ___ltdf2
                  0x00203e                  ___ledf2
 .libm.gtdf2      0x002048          0xa c:/program files (x86)/microchip/xc16/v1.24/bin/bin/../../lib\libm-elf.a(dgtge.eo)
                  0x002048                  ___gtdf2
                  0x002048                  ___gedf2
 .libm.divdf3     0x002052         0xb4 c:/program files (x86)/microchip/xc16/v1.24/bin/bin/../../lib\libm-elf.a(divdf3.eo)
                  0x002052                  ___divdf3
 .libm.nedf2      0x002106          0xa c:/program files (x86)/microchip/xc16/v1.24/bin/bin/../../lib\libm-elf.a(dne.eo)
                  0x002106                  ___nedf2
 .libm.dpack      0x002110         0x58 c:/program files (x86)/microchip/xc16/v1.24/bin/bin/../../lib\libm-elf.a(dpack.eo)
                  0x002110                  __dpack
 .libm.dunpack2
                  0x002168         0x32 c:/program files (x86)/microchip/xc16/v1.24/bin/bin/../../lib\libm-elf.a(dunpack2.eo)
                  0x002168                  __dunpack2
                  0x00218a                  __dreturnNaN
                  0x002190                  __dunpack2exit
 .libm.extendsfdf2
                  0x00219a         0x3e c:/program files (x86)/microchip/xc16/v1.24/bin/bin/../../lib\libm-elf.a(extendsfdf.eo)
                  0x00219a                  ___extendsfdf2
 .libm.fixunsdfdi
                  0x0021d8         0x62 c:/program files (x86)/microchip/xc16/v1.24/bin/bin/../../lib\libm-elf.a(fixunsdfdi.eo)
                  0x0021d8                  ___fixunsdfdi
 .libm.floatundidf
                  0x00223a         0x56 c:/program files (x86)/microchip/xc16/v1.24/bin/bin/../../lib\libm-elf.a(floatundidf.eo)
                  0x00223a                  ___floatundidf
 .libm.frexp      0x002290         0x3a c:/program files (x86)/microchip/xc16/v1.24/bin/bin/../../lib\libm-elf.a(frexp.eo)
                  0x002290                  _frexp
                  0x002290                  _frexpl
 .libm.muldf3     0x0022ca         0xea c:/program files (x86)/microchip/xc16/v1.24/bin/bin/../../lib\libm-elf.a(muldf3.eo)
                  0x0022ca                  ___muldf3
 .libm.subdf3     0x0023b4          0x4 c:/program files (x86)/microchip/xc16/v1.24/bin/bin/../../lib\libm-elf.a(subdf3.eo)
                  0x0023b4                  ___subdf3
 .libm.mulsi3     0x0023b8          0xc c:/program files (x86)/microchip/xc16/v1.24/bin/bin/../../lib\libm-elf.a(mulsi3.eo)
                  0x0023b8                  ___mulp32peds3
                  0x0023b8                  ___mulsi3
                  0x0023b8                  ___mulp32eds3
 .libm.__PplusBdi
                  0x0023c4         0x28 c:/program files (x86)/microchip/xc16/v1.24/bin/bin/../../lib\libm-elf.a(divmoddi3.eo)
 .libm.__PminusBdi
                  0x0023ec         0x4a c:/program files (x86)/microchip/xc16/v1.24/bin/bin/../../lib\libm-elf.a(divmoddi3.eo)
 .libm.__udivmoddi3
                  0x002436         0xe4 c:/program files (x86)/microchip/xc16/v1.24/bin/bin/../../lib\libm-elf.a(divmoddi3.eo)
                  0x002436                  ___udivmoddi3
 .libm.__udivdi3
                  0x00251a          0xe c:/program files (x86)/microchip/xc16/v1.24/bin/bin/../../lib\libm-elf.a(divmoddi3.eo)
                  0x00251a                  ___udivdi3
 .libm.__umoddi3
                  0x002528          0x8 c:/program files (x86)/microchip/xc16/v1.24/bin/bin/../../lib\libm-elf.a(divmoddi3.eo)
                  0x002528                  ___umoddi3
 .libm.__divdi3
                  0x002530         0x60 c:/program files (x86)/microchip/xc16/v1.24/bin/bin/../../lib\libm-elf.a(divmoddi3.eo)
                  0x002530                  ___divdi3
 .libm.__moddi3
                  0x002590         0x5c c:/program files (x86)/microchip/xc16/v1.24/bin/bin/../../lib\libm-elf.a(divmoddi3.eo)
                  0x002590                  ___moddi3
 .libm.__muldi3
                  0x0025ec         0x52 c:/program files (x86)/microchip/xc16/v1.24/bin/bin/../../lib\libm-elf.a(muldi3.eo)
                  0x0025ec                  ___muldi3
 .libm.dcompare
                  0x00263e         0x52 c:/program files (x86)/microchip/xc16/v1.24/bin/bin/../../lib\libm-elf.a(dcompare.eo)
                  0x00263e                  __dcompare
 .libm.dPropagateNaN
                  0x002690         0x1c c:/program files (x86)/microchip/xc16/v1.24/bin/bin/../../lib\libm-elf.a(dpropagateNaN.eo)
                  0x002690                  __dPropagateNaN
 .libm.dtype      0x0026ac         0x24 c:/program files (x86)/microchip/xc16/v1.24/bin/bin/../../lib\libm-elf.a(dtype.eo)
                  0x0026ac                  __dtype
 .libm.dunpack    0x0026d0         0x4e c:/program files (x86)/microchip/xc16/v1.24/bin/bin/../../lib\libm-elf.a(dunpack.eo)
                  0x0026d0                  __dunpack
 .libm.umuldi3    0x00271e         0x44 c:/program files (x86)/microchip/xc16/v1.24/bin/bin/../../lib\libm-elf.a(umuldi3.eo)
                  0x00271e                  ___umuldi3

usercode
 *(usercode)

__FUID0
 *(__FUID0.sec*)

__FUID1
 *(__FUID1.sec*)

__FUID2
 *(__FUID2.sec*)

__FUID3
 *(__FUID3.sec*)

__FOSC            0xf80000          0x2
 *(__FOSC.sec*)
 __FOSC.sec       0xf80000          0x2 build/default/production/_ext/1259340286/e_init_port.o

__FWDT            0xf80002          0x2
 *(__FWDT.sec*)
 __FWDT.sec       0xf80002          0x2 build/default/production/_ext/1259340286/e_init_port.o

__FBORPOR         0xf80004          0x2
 *(__FBORPOR.sec*)
 __FBORPOR.sec    0xf80004          0x2 build/default/production/_ext/1259340286/e_init_port.o

__FBS
 *(__FBS.sec*)

__FSS
 *(__FSS.sec*)

__FGS             0xf8000a          0x2
 *(__FGS.sec*)
 __FGS.sec        0xf8000a          0x2 FGS
                  0xf8000a                  __FGS.sec

__FICD
 *(__FICD.sec*)

user_eedata
 *(user_eedata)

userdata
 *(userdata)

.comment
 *(.comment)

.debug_info       0x000000       0xdc39
 *(.debug_info)
 .debug_info      0x000000        0x92b build/default/production/_ext/1472/Asercom.o
 .debug_info      0x00092b         0xb1 build/default/production/_ext/1472/DataEEPROM.o
 .debug_info      0x0009dc        0x4dd build/default/production/_ext/1472/main_c.o
 .debug_info      0x000eb9        0x34b build/default/production/_ext/1472/runaccelerometer.o
 .debug_info      0x001204        0x3ed build/default/production/_ext/1472/runbreitenberg_adv.o
 .debug_info      0x0015f1        0x11a build/default/production/_ext/1472/rungrounddirection.o
 .debug_info      0x00170b        0x430 build/default/production/_ext/1472/runshow.o
 .debug_info      0x001b3b        0x4a2 build/default/production/_ext/1472/runwallfollow.o
 .debug_info      0x001fdd        0x1ad build/default/production/_ext/1472/translatorI2C.o
 .debug_info      0x00218a        0x63b build/default/production/_ext/1949949662/e_led.o
 .debug_info      0x0027c5        0x579 build/default/production/_ext/1949949662/e_motors.o
 .debug_info      0x002d3e       0x1296 build/default/production/_ext/1362274096/e_ad_conv.o
 .debug_info      0x003fd4        0x3b2 build/default/production/_ext/904308887/utility.o
 .debug_info      0x004386        0xc58 build/default/production/_ext/417766185/e_I2C_master_module.o
 .debug_info      0x004fde        0x65b build/default/production/_ext/930121020/e_common.o
 .debug_info      0x005639        0x71c build/default/production/_ext/1362274096/e_acc.o
 .debug_info      0x005d55         0xc9 build/default/production/_ext/64492303/e_uart1_tx_char.o
 .debug_info      0x005e1e         0xc9 build/default/production/_ext/64492303/e_uart2_tx_char.o
 .debug_info      0x005ee7         0xc9 build/default/production/_ext/64492303/e_uart2_rx_char.o
 .debug_info      0x005fb0         0xc9 build/default/production/_ext/64492303/e_uart1_rx_char.o
 .debug_info      0x006079        0x895 build/default/production/_ext/1949949662/e_remote_control.o
 .debug_info      0x00690e        0xd34 build/default/production/_ext/1259340286/e_init_port.o
 .debug_info      0x007642        0x8c8 build/default/production/_ext/1949949662/e_agenda.o
 .debug_info      0x007f0a        0x22d build/default/production/_ext/417766185/e_I2C_protocol.o
 .debug_info      0x008137        0x289 build/default/production/_ext/1362274096/e_prox.o
 .debug_info      0x0083c0        0x289 build/default/production/_ext/2015481517/e_sound.o
 .debug_info      0x008649        0x654 build/default/production/_ext/930121020/e_po6030k_registers.o
 .debug_info      0x008c9d        0xe45 build/default/production/_ext/930121020/e_po3030k_registers.o
 .debug_info      0x009ae2        0x758 build/default/production/_ext/930121020/e_po8030d_registers.o
 .debug_info      0x00a23a         0xcc build/default/production/_ext/2015481517/e_sub_dci_kickoff.o
 .debug_info      0x00a306         0xcc build/default/production/_ext/2015481517/e_init_dci_master.o
 .debug_info      0x00a3d2         0xcd build/default/production/_ext/2015481517/e_init_codec_slave.o
 .debug_info      0x00a49f        0x2de build/default/production/_ext/1362274096/e_micro.o
 .debug_info      0x00a77d        0xf40 build/default/production/_ext/663421589/e_bluetooth.o
 .debug_info      0x00b6bd        0x29b build/default/production/_ext/930121020/e_calc_po3030k.o
 .debug_info      0x00b958        0x2b1 build/default/production/_ext/930121020/e_calc_po6030k.o
 .debug_info      0x00bc09        0x2b1 build/default/production/_ext/930121020/e_calc_po8030d.o
 .debug_info      0x00beba        0x92c build/default/production/_ext/930121020/e_timers.o
 .debug_info      0x00c7e6         0xc6 build/default/production/_ext/64492303/e_init_uart1.o
 .debug_info      0x00c8ac         0xc6 build/default/production/_ext/64492303/e_init_uart2.o
 .debug_info      0x00c972         0xc4 build/default/production/_ext/2015481517/e_isr_dci.o
 .debug_info      0x00ca36         0xd4 build/default/production/_ext/930121020/e_interrupt.o
 .debug_info      0x00cb0a        0x673 build/default/production/_ext/851769008/e_lsm330.o
 .debug_info      0x00d17d        0x28c build/default/production/_ext/1472/rungyroscope.o
 .debug_info      0x00d409        0x1cb build/default/production/_ext/1472/runsquare.o
 .debug_info      0x00d5d4        0x19a build/default/production/_ext/1472/rundetectsound.o
 .debug_info      0x00d76e        0x4cb build/default/production/_ext/1472/epuckPlayer.o
 *(.gnu.linkonce.wi.*)

.debug_abbrev     0x000000       0x2012
 *(.debug_abbrev)
 .debug_abbrev    0x000000        0x141 build/default/production/_ext/1472/Asercom.o
 .debug_abbrev    0x000141         0x14 build/default/production/_ext/1472/DataEEPROM.o
 .debug_abbrev    0x000155        0x10e build/default/production/_ext/1472/main_c.o
 .debug_abbrev    0x000263         0x88 build/default/production/_ext/1472/runaccelerometer.o
 .debug_abbrev    0x0002eb         0xe7 build/default/production/_ext/1472/runbreitenberg_adv.o
 .debug_abbrev    0x0003d2         0x34 build/default/production/_ext/1472/rungrounddirection.o
 .debug_abbrev    0x000406         0xa3 build/default/production/_ext/1472/runshow.o
 .debug_abbrev    0x0004a9        0x115 build/default/production/_ext/1472/runwallfollow.o
 .debug_abbrev    0x0005be         0x63 build/default/production/_ext/1472/translatorI2C.o
 .debug_abbrev    0x000621         0xfc build/default/production/_ext/1949949662/e_led.o
 .debug_abbrev    0x00071d         0xfc build/default/production/_ext/1949949662/e_motors.o
 .debug_abbrev    0x000819        0x141 build/default/production/_ext/1362274096/e_ad_conv.o
 .debug_abbrev    0x00095a        0x11a build/default/production/_ext/904308887/utility.o
 .debug_abbrev    0x000a74        0x1a0 build/default/production/_ext/417766185/e_I2C_master_module.o
 .debug_abbrev    0x000c14        0x130 build/default/production/_ext/930121020/e_common.o
 .debug_abbrev    0x000d44        0x185 build/default/production/_ext/1362274096/e_acc.o
 .debug_abbrev    0x000ec9         0x14 build/default/production/_ext/64492303/e_uart1_tx_char.o
 .debug_abbrev    0x000edd         0x14 build/default/production/_ext/64492303/e_uart2_tx_char.o
 .debug_abbrev    0x000ef1         0x14 build/default/production/_ext/64492303/e_uart2_rx_char.o
 .debug_abbrev    0x000f05         0x14 build/default/production/_ext/64492303/e_uart1_rx_char.o
 .debug_abbrev    0x000f19         0xce build/default/production/_ext/1949949662/e_remote_control.o
 .debug_abbrev    0x000fe7         0xeb build/default/production/_ext/1259340286/e_init_port.o
 .debug_abbrev    0x0010d2        0x16e build/default/production/_ext/1949949662/e_agenda.o
 .debug_abbrev    0x001240         0x91 build/default/production/_ext/417766185/e_I2C_protocol.o
 .debug_abbrev    0x0012d1         0x8e build/default/production/_ext/1362274096/e_prox.o
 .debug_abbrev    0x00135f         0xb2 build/default/production/_ext/2015481517/e_sound.o
 .debug_abbrev    0x001411         0xd5 build/default/production/_ext/930121020/e_po6030k_registers.o
 .debug_abbrev    0x0014e6        0x120 build/default/production/_ext/930121020/e_po3030k_registers.o
 .debug_abbrev    0x001606         0xec build/default/production/_ext/930121020/e_po8030d_registers.o
 .debug_abbrev    0x0016f2         0x14 build/default/production/_ext/2015481517/e_sub_dci_kickoff.o
 .debug_abbrev    0x001706         0x14 build/default/production/_ext/2015481517/e_init_dci_master.o
 .debug_abbrev    0x00171a         0x14 build/default/production/_ext/2015481517/e_init_codec_slave.o
 .debug_abbrev    0x00172e         0xa8 build/default/production/_ext/1362274096/e_micro.o
 .debug_abbrev    0x0017d6        0x1ae build/default/production/_ext/663421589/e_bluetooth.o
 .debug_abbrev    0x001984         0x7c build/default/production/_ext/930121020/e_calc_po3030k.o
 .debug_abbrev    0x001a00         0x7c build/default/production/_ext/930121020/e_calc_po6030k.o
 .debug_abbrev    0x001a7c         0x7c build/default/production/_ext/930121020/e_calc_po8030d.o
 .debug_abbrev    0x001af8        0x176 build/default/production/_ext/930121020/e_timers.o
 .debug_abbrev    0x001c6e         0x14 build/default/production/_ext/64492303/e_init_uart1.o
 .debug_abbrev    0x001c82         0x14 build/default/production/_ext/64492303/e_init_uart2.o
 .debug_abbrev    0x001c96         0x14 build/default/production/_ext/2015481517/e_isr_dci.o
 .debug_abbrev    0x001caa         0x14 build/default/production/_ext/930121020/e_interrupt.o
 .debug_abbrev    0x001cbe        0x124 build/default/production/_ext/851769008/e_lsm330.o
 .debug_abbrev    0x001de2         0x9a build/default/production/_ext/1472/rungyroscope.o
 .debug_abbrev    0x001e7c         0x41 build/default/production/_ext/1472/runsquare.o
 .debug_abbrev    0x001ebd         0x43 build/default/production/_ext/1472/rundetectsound.o
 .debug_abbrev    0x001f00        0x112 build/default/production/_ext/1472/epuckPlayer.o

.debug_line       0x000000       0xaa28
 *(.debug_line)
 .debug_line      0x000000       0x1545 build/default/production/_ext/1472/Asercom.o
 .debug_line      0x001545         0x92 build/default/production/_ext/1472/DataEEPROM.o
 .debug_line      0x0015d7        0x309 build/default/production/_ext/1472/main_c.o
 .debug_line      0x0018e0        0x2b5 build/default/production/_ext/1472/runaccelerometer.o
 .debug_line      0x001b95        0x2f3 build/default/production/_ext/1472/runbreitenberg_adv.o
 .debug_line      0x001e88         0x79 build/default/production/_ext/1472/rungrounddirection.o
 .debug_line      0x001f01        0x532 build/default/production/_ext/1472/runshow.o
 .debug_line      0x002433        0x370 build/default/production/_ext/1472/runwallfollow.o
 .debug_line      0x0027a3        0x106 build/default/production/_ext/1472/translatorI2C.o
 .debug_line      0x0028a9        0x6c1 build/default/production/_ext/1949949662/e_led.o
 .debug_line      0x002f6a        0x5a7 build/default/production/_ext/1949949662/e_motors.o
 .debug_line      0x003511        0x856 build/default/production/_ext/1362274096/e_ad_conv.o
 .debug_line      0x003d67        0x1c4 build/default/production/_ext/904308887/utility.o
 .debug_line      0x003f2b        0x560 build/default/production/_ext/417766185/e_I2C_master_module.o
 .debug_line      0x00448b        0x3f7 build/default/production/_ext/930121020/e_common.o
 .debug_line      0x004882        0x595 build/default/production/_ext/1362274096/e_acc.o
 .debug_line      0x004e17         0x85 build/default/production/_ext/64492303/e_uart1_tx_char.o
 .debug_line      0x004e9c         0x85 build/default/production/_ext/64492303/e_uart2_tx_char.o
 .debug_line      0x004f21         0x76 build/default/production/_ext/64492303/e_uart2_rx_char.o
 .debug_line      0x004f97         0x76 build/default/production/_ext/64492303/e_uart1_rx_char.o
 .debug_line      0x00500d        0x2bf build/default/production/_ext/1949949662/e_remote_control.o
 .debug_line      0x0052cc        0x36a build/default/production/_ext/1259340286/e_init_port.o
 .debug_line      0x005636        0x42a build/default/production/_ext/1949949662/e_agenda.o
 .debug_line      0x005a60        0x1f3 build/default/production/_ext/417766185/e_I2C_protocol.o
 .debug_line      0x005c53        0x19d build/default/production/_ext/1362274096/e_prox.o
 .debug_line      0x005df0        0x132 build/default/production/_ext/2015481517/e_sound.o
 .debug_line      0x005f22        0x5c1 build/default/production/_ext/930121020/e_po6030k_registers.o
 .debug_line      0x0064e3        0xc02 build/default/production/_ext/930121020/e_po3030k_registers.o
 .debug_line      0x0070e5        0x677 build/default/production/_ext/930121020/e_po8030d_registers.o
 .debug_line      0x00775c         0x8d build/default/production/_ext/2015481517/e_sub_dci_kickoff.o
 .debug_line      0x0077e9         0x75 build/default/production/_ext/2015481517/e_init_dci_master.o
 .debug_line      0x00785e         0xb1 build/default/production/_ext/2015481517/e_init_codec_slave.o
 .debug_line      0x00790f        0x15e build/default/production/_ext/1362274096/e_micro.o
 .debug_line      0x007a6d        0xe74 build/default/production/_ext/663421589/e_bluetooth.o
 .debug_line      0x0088e1        0x339 build/default/production/_ext/930121020/e_calc_po3030k.o
 .debug_line      0x008c1a        0x35b build/default/production/_ext/930121020/e_calc_po6030k.o
 .debug_line      0x008f75        0x35b build/default/production/_ext/930121020/e_calc_po8030d.o
 .debug_line      0x0092d0        0x26f build/default/production/_ext/930121020/e_timers.o
 .debug_line      0x00953f         0x67 build/default/production/_ext/64492303/e_init_uart1.o
 .debug_line      0x0095a6         0x66 build/default/production/_ext/64492303/e_init_uart2.o
 .debug_line      0x00960c         0x1a build/default/production/_ext/2015481517/e_const_sound.o
 .debug_line      0x009626         0x85 build/default/production/_ext/2015481517/e_isr_dci.o
 .debug_line      0x0096ab         0x78 build/default/production/_ext/930121020/e_interrupt.o
 .debug_line      0x009723        0x509 build/default/production/_ext/851769008/e_lsm330.o
 .debug_line      0x009c2c        0x5a3 build/default/production/_ext/1472/rungyroscope.o
 .debug_line      0x00a1cf        0x213 build/default/production/_ext/1472/runsquare.o
 .debug_line      0x00a3e2        0x16f build/default/production/_ext/1472/rundetectsound.o
 .debug_line      0x00a551        0x4d7 build/default/production/_ext/1472/epuckPlayer.o

.debug_frame      0x000000       0x1e80
 *(.debug_frame)
 .debug_frame     0x000000        0x5f8 build/default/production/_ext/1472/Asercom.o
 .debug_frame     0x0005f8        0x288 build/default/production/_ext/1472/main_c.o
 .debug_frame     0x000880        0x150 build/default/production/_ext/1472/runaccelerometer.o
 .debug_frame     0x0009d0         0x74 build/default/production/_ext/1472/runbreitenberg_adv.o
 .debug_frame     0x000a44         0x24 build/default/production/_ext/1472/rungrounddirection.o
 .debug_frame     0x000a68        0x110 build/default/production/_ext/1472/runshow.o
 .debug_frame     0x000b78         0x88 build/default/production/_ext/1472/runwallfollow.o
 .debug_frame     0x000c00         0x34 build/default/production/_ext/1472/translatorI2C.o
 .debug_frame     0x000c34        0x164 build/default/production/_ext/1949949662/e_led.o
 .debug_frame     0x000d98         0xb4 build/default/production/_ext/1949949662/e_motors.o
 .debug_frame     0x000e4c         0x74 build/default/production/_ext/1362274096/e_ad_conv.o
 .debug_frame     0x000ec0         0x84 build/default/production/_ext/904308887/utility.o
 .debug_frame     0x000f44         0xf4 build/default/production/_ext/417766185/e_I2C_master_module.o
 .debug_frame     0x001038         0xb4 build/default/production/_ext/930121020/e_common.o
 .debug_frame     0x0010ec         0xf4 build/default/production/_ext/1362274096/e_acc.o
 .debug_frame     0x0011e0         0x74 build/default/production/_ext/1949949662/e_remote_control.o
 .debug_frame     0x001254         0x44 build/default/production/_ext/1259340286/e_init_port.o
 .debug_frame     0x001298         0xa4 build/default/production/_ext/1949949662/e_agenda.o
 .debug_frame     0x00133c         0x74 build/default/production/_ext/417766185/e_I2C_protocol.o
 .debug_frame     0x0013b0         0x54 build/default/production/_ext/1362274096/e_prox.o
 .debug_frame     0x001404         0x44 build/default/production/_ext/2015481517/e_sound.o
 .debug_frame     0x001448        0x114 build/default/production/_ext/930121020/e_po6030k_registers.o
 .debug_frame     0x00155c        0x274 build/default/production/_ext/930121020/e_po3030k_registers.o
 .debug_frame     0x0017d0        0x154 build/default/production/_ext/930121020/e_po8030d_registers.o
 .debug_frame     0x001924         0x54 build/default/production/_ext/1362274096/e_micro.o
 .debug_frame     0x001978        0x144 build/default/production/_ext/663421589/e_bluetooth.o
 .debug_frame     0x001abc         0x34 build/default/production/_ext/930121020/e_calc_po3030k.o
 .debug_frame     0x001af0         0x34 build/default/production/_ext/930121020/e_calc_po6030k.o
 .debug_frame     0x001b24         0x34 build/default/production/_ext/930121020/e_calc_po8030d.o
 .debug_frame     0x001b58         0x74 build/default/production/_ext/930121020/e_timers.o
 .debug_frame     0x001bcc        0x134 build/default/production/_ext/851769008/e_lsm330.o
 .debug_frame     0x001d00         0x54 build/default/production/_ext/1472/rungyroscope.o
 .debug_frame     0x001d54         0x24 build/default/production/_ext/1472/runsquare.o
 .debug_frame     0x001d78         0x24 build/default/production/_ext/1472/rundetectsound.o
 .debug_frame     0x001d9c         0xe4 build/default/production/_ext/1472/epuckPlayer.o

.debug_str        0x000000        0x6bc
 *(.debug_str)
 .debug_str       0x000000         0x44 build/default/production/_ext/1472/Asercom.o
 .debug_str       0x000044         0x1c build/default/production/_ext/1472/main_c.o
 .debug_str       0x000060         0x25 build/default/production/_ext/1472/runaccelerometer.o
 .debug_str       0x000085         0x35 build/default/production/_ext/1472/runbreitenberg_adv.o
 .debug_str       0x0000ba         0x30 build/default/production/_ext/1472/runshow.o
 .debug_str       0x0000ea         0x41 build/default/production/_ext/1472/runwallfollow.o
 .debug_str       0x00012b         0x19 build/default/production/_ext/1949949662/e_led.o
 .debug_str       0x000144         0x28 build/default/production/_ext/1949949662/e_motors.o
 .debug_str       0x00016c         0xf9 build/default/production/_ext/1362274096/e_ad_conv.o
 .debug_str       0x000265         0x33 build/default/production/_ext/904308887/utility.o
 .debug_str       0x000298         0x3d build/default/production/_ext/417766185/e_I2C_master_module.o
 .debug_str       0x0002d5         0x15 build/default/production/_ext/930121020/e_common.o
 .debug_str       0x0002ea         0xa0 build/default/production/_ext/1362274096/e_acc.o
 .debug_str       0x00038a         0x32 build/default/production/_ext/1949949662/e_remote_control.o
 .debug_str       0x0003bc         0x6d build/default/production/_ext/1259340286/e_init_port.o
 .debug_str       0x000429         0x29 build/default/production/_ext/1949949662/e_agenda.o
 .debug_str       0x000452          0xb build/default/production/_ext/417766185/e_I2C_protocol.o
 .debug_str       0x00045d         0x36 build/default/production/_ext/1362274096/e_prox.o
 .debug_str       0x000493          0x9 build/default/production/_ext/2015481517/e_sound.o
 .debug_str       0x00049c         0x1e build/default/production/_ext/930121020/e_po6030k_registers.o
 .debug_str       0x0004ba         0x24 build/default/production/_ext/930121020/e_po3030k_registers.o
 .debug_str       0x0004de         0x1e build/default/production/_ext/930121020/e_po8030d_registers.o
 .debug_str       0x0004fc         0x27 build/default/production/_ext/1362274096/e_micro.o
 .debug_str       0x000523         0x95 build/default/production/_ext/663421589/e_bluetooth.o
 .debug_str       0x0005b8          0xb build/default/production/_ext/930121020/e_calc_po3030k.o
 .debug_str       0x0005c3          0xb build/default/production/_ext/930121020/e_calc_po6030k.o
 .debug_str       0x0005ce          0xb build/default/production/_ext/930121020/e_calc_po8030d.o
 .debug_str       0x0005d9         0x79 build/default/production/_ext/930121020/e_timers.o
 .debug_str       0x000652         0x24 build/default/production/_ext/851769008/e_lsm330.o
 .debug_str       0x000676         0x2b build/default/production/_ext/1472/rungyroscope.o
 .debug_str       0x0006a1         0x1b build/default/production/_ext/1472/epuckPlayer.o

.debug_loc
 *(.debug_loc)

.debug_macinfo
 *(.debug_macinfo)

.debug_pubnames
                  0x000000       0x1d2d
 *(.debug_pubnames)
 .debug_pubnames
                  0x000000         0x22 build/default/production/_ext/1472/Asercom.o
 .debug_pubnames
                  0x000022         0x39 build/default/production/_ext/1472/main_c.o
 .debug_pubnames
                  0x00005b         0x58 build/default/production/_ext/1472/runaccelerometer.o
 .debug_pubnames
                  0x0000b3         0xff build/default/production/_ext/1472/runbreitenberg_adv.o
 .debug_pubnames
                  0x0001b2         0x2a build/default/production/_ext/1472/rungrounddirection.o
 .debug_pubnames
                  0x0001dc         0x4b build/default/production/_ext/1472/runshow.o
 .debug_pubnames
                  0x000227         0xcc build/default/production/_ext/1472/runwallfollow.o
 .debug_pubnames
                  0x0002f3         0x40 build/default/production/_ext/1472/translatorI2C.o
 .debug_pubnames
                  0x000333        0x17d build/default/production/_ext/1949949662/e_led.o
 .debug_pubnames
                  0x0004b0         0xdc build/default/production/_ext/1949949662/e_motors.o
 .debug_pubnames
                  0x00058c        0x138 build/default/production/_ext/1362274096/e_ad_conv.o
 .debug_pubnames
                  0x0006c4         0x9a build/default/production/_ext/904308887/utility.o
 .debug_pubnames
                  0x00075e        0x112 build/default/production/_ext/417766185/e_I2C_master_module.o
 .debug_pubnames
                  0x000870         0xf7 build/default/production/_ext/930121020/e_common.o
 .debug_pubnames
                  0x000967        0x172 build/default/production/_ext/1362274096/e_acc.o
 .debug_pubnames
                  0x000ad9         0x8a build/default/production/_ext/1949949662/e_remote_control.o
 .debug_pubnames
                  0x000b63         0x8c build/default/production/_ext/1259340286/e_init_port.o
 .debug_pubnames
                  0x000bef         0xdc build/default/production/_ext/1949949662/e_agenda.o
 .debug_pubnames
                  0x000ccb         0x7a build/default/production/_ext/417766185/e_I2C_protocol.o
 .debug_pubnames
                  0x000d45         0x66 build/default/production/_ext/1362274096/e_prox.o
 .debug_pubnames
                  0x000dab         0x46 build/default/production/_ext/2015481517/e_sound.o
 .debug_pubnames
                  0x000df1        0x17a build/default/production/_ext/930121020/e_po6030k_registers.o
 .debug_pubnames
                  0x000f6b        0x42b build/default/production/_ext/930121020/e_po3030k_registers.o
 .debug_pubnames
                  0x001396        0x1c9 build/default/production/_ext/930121020/e_po8030d_registers.o
 .debug_pubnames
                  0x00155f         0x6d build/default/production/_ext/1362274096/e_micro.o
 .debug_pubnames
                  0x0015cc        0x25b build/default/production/_ext/663421589/e_bluetooth.o
 .debug_pubnames
                  0x001827         0x4d build/default/production/_ext/930121020/e_calc_po3030k.o
 .debug_pubnames
                  0x001874         0x4d build/default/production/_ext/930121020/e_calc_po6030k.o
 .debug_pubnames
                  0x0018c1         0x4d build/default/production/_ext/930121020/e_calc_po8030d.o
 .debug_pubnames
                  0x00190e         0xe0 build/default/production/_ext/930121020/e_timers.o
 .debug_pubnames
                  0x0019ee        0x177 build/default/production/_ext/851769008/e_lsm330.o
 .debug_pubnames
                  0x001b65         0x8d build/default/production/_ext/1472/rungyroscope.o
 .debug_pubnames
                  0x001bf2         0x21 build/default/production/_ext/1472/runsquare.o
 .debug_pubnames
                  0x001c13         0x26 build/default/production/_ext/1472/rundetectsound.o
 .debug_pubnames
                  0x001c39         0xf4 build/default/production/_ext/1472/epuckPlayer.o

.debug_ranges
 *(.debug_ranges)

.debug_aranges    0x000000        0x468
 *(.debug_aranges)
 .debug_aranges
                  0x000000         0x18 build/default/production/_ext/1472/Asercom.o
 .debug_aranges
                  0x000018         0x18 build/default/production/_ext/1472/DataEEPROM.o
 .debug_aranges
                  0x000030         0x18 build/default/production/_ext/1472/main_c.o
 .debug_aranges
                  0x000048         0x18 build/default/production/_ext/1472/runaccelerometer.o
 .debug_aranges
                  0x000060         0x18 build/default/production/_ext/1472/runbreitenberg_adv.o
 .debug_aranges
                  0x000078         0x18 build/default/production/_ext/1472/rungrounddirection.o
 .debug_aranges
                  0x000090         0x18 build/default/production/_ext/1472/runshow.o
 .debug_aranges
                  0x0000a8         0x18 build/default/production/_ext/1472/runwallfollow.o
 .debug_aranges
                  0x0000c0         0x18 build/default/production/_ext/1472/translatorI2C.o
 .debug_aranges
                  0x0000d8         0x18 build/default/production/_ext/1949949662/e_led.o
 .debug_aranges
                  0x0000f0         0x18 build/default/production/_ext/1949949662/e_motors.o
 .debug_aranges
                  0x000108         0x18 build/default/production/_ext/1362274096/e_ad_conv.o
 .debug_aranges
                  0x000120         0x18 build/default/production/_ext/904308887/utility.o
 .debug_aranges
                  0x000138         0x18 build/default/production/_ext/417766185/e_I2C_master_module.o
 .debug_aranges
                  0x000150         0x18 build/default/production/_ext/930121020/e_common.o
 .debug_aranges
                  0x000168         0x18 build/default/production/_ext/1362274096/e_acc.o
 .debug_aranges
                  0x000180         0x18 build/default/production/_ext/64492303/e_uart1_tx_char.o
 .debug_aranges
                  0x000198         0x18 build/default/production/_ext/64492303/e_uart2_tx_char.o
 .debug_aranges
                  0x0001b0         0x18 build/default/production/_ext/64492303/e_uart2_rx_char.o
 .debug_aranges
                  0x0001c8         0x18 build/default/production/_ext/64492303/e_uart1_rx_char.o
 .debug_aranges
                  0x0001e0         0x18 build/default/production/_ext/1949949662/e_remote_control.o
 .debug_aranges
                  0x0001f8         0x18 build/default/production/_ext/1259340286/e_init_port.o
 .debug_aranges
                  0x000210         0x18 build/default/production/_ext/1949949662/e_agenda.o
 .debug_aranges
                  0x000228         0x18 build/default/production/_ext/417766185/e_I2C_protocol.o
 .debug_aranges
                  0x000240         0x18 build/default/production/_ext/1362274096/e_prox.o
 .debug_aranges
                  0x000258         0x18 build/default/production/_ext/2015481517/e_sound.o
 .debug_aranges
                  0x000270         0x18 build/default/production/_ext/930121020/e_po6030k_registers.o
 .debug_aranges
                  0x000288         0x18 build/default/production/_ext/930121020/e_po3030k_registers.o
 .debug_aranges
                  0x0002a0         0x18 build/default/production/_ext/930121020/e_po8030d_registers.o
 .debug_aranges
                  0x0002b8         0x18 build/default/production/_ext/2015481517/e_sub_dci_kickoff.o
 .debug_aranges
                  0x0002d0         0x18 build/default/production/_ext/2015481517/e_init_dci_master.o
 .debug_aranges
                  0x0002e8         0x18 build/default/production/_ext/2015481517/e_init_codec_slave.o
 .debug_aranges
                  0x000300         0x18 build/default/production/_ext/1362274096/e_micro.o
 .debug_aranges
                  0x000318         0x18 build/default/production/_ext/663421589/e_bluetooth.o
 .debug_aranges
                  0x000330         0x18 build/default/production/_ext/930121020/e_calc_po3030k.o
 .debug_aranges
                  0x000348         0x18 build/default/production/_ext/930121020/e_calc_po6030k.o
 .debug_aranges
                  0x000360         0x18 build/default/production/_ext/930121020/e_calc_po8030d.o
 .debug_aranges
                  0x000378         0x18 build/default/production/_ext/930121020/e_timers.o
 .debug_aranges
                  0x000390         0x18 build/default/production/_ext/64492303/e_init_uart1.o
 .debug_aranges
                  0x0003a8         0x18 build/default/production/_ext/64492303/e_init_uart2.o
 .debug_aranges
                  0x0003c0         0x18 build/default/production/_ext/2015481517/e_isr_dci.o
 .debug_aranges
                  0x0003d8         0x18 build/default/production/_ext/930121020/e_interrupt.o
 .debug_aranges
                  0x0003f0         0x18 build/default/production/_ext/851769008/e_lsm330.o
 .debug_aranges
                  0x000408         0x18 build/default/production/_ext/1472/rungyroscope.o
 .debug_aranges
                  0x000420         0x18 build/default/production/_ext/1472/runsquare.o
 .debug_aranges
                  0x000438         0x18 build/default/production/_ext/1472/rundetectsound.o
 .debug_aranges
                  0x000450         0x18 build/default/production/_ext/1472/epuckPlayer.o

.ivt              0x000004         0x7c
                  0x000004          0x4 LONG 0x2cc DEFINED (__ReservedTrap0)?ABSOLUTE (__ReservedTrap0):ABSOLUTE (__DefaultInterrupt)
                  0x000006          0x4 LONG 0x2cc DEFINED (__OscillatorFail)?ABSOLUTE (__OscillatorFail):ABSOLUTE (__DefaultInterrupt)
                  0x000008          0x4 LONG 0x2cc DEFINED (__AddressError)?ABSOLUTE (__AddressError):ABSOLUTE (__DefaultInterrupt)
                  0x00000a          0x4 LONG 0x2cc DEFINED (__StackError)?ABSOLUTE (__StackError):ABSOLUTE (__DefaultInterrupt)
                  0x00000c          0x4 LONG 0x2cc DEFINED (__MathError)?ABSOLUTE (__MathError):ABSOLUTE (__DefaultInterrupt)
                  0x00000e          0x4 LONG 0x2cc DEFINED (__ReservedTrap5)?ABSOLUTE (__ReservedTrap5):ABSOLUTE (__DefaultInterrupt)
                  0x000010          0x4 LONG 0x2cc DEFINED (__ReservedTrap6)?ABSOLUTE (__ReservedTrap6):ABSOLUTE (__DefaultInterrupt)
                  0x000012          0x4 LONG 0x2cc DEFINED (__ReservedTrap7)?ABSOLUTE (__ReservedTrap7):ABSOLUTE (__DefaultInterrupt)
                  0x000014          0x4 LONG 0x1594e DEFINED (__INT0Interrupt)?ABSOLUTE (__INT0Interrupt):ABSOLUTE (__DefaultInterrupt)
                  0x000016          0x4 LONG 0x2cc DEFINED (__IC1Interrupt)?ABSOLUTE (__IC1Interrupt):ABSOLUTE (__DefaultInterrupt)
                  0x000018          0x4 LONG 0x2cc DEFINED (__OC1Interrupt)?ABSOLUTE (__OC1Interrupt):ABSOLUTE (__DefaultInterrupt)
                  0x00001a          0x4 LONG 0x2cc DEFINED (__T1Interrupt)?ABSOLUTE (__T1Interrupt):ABSOLUTE (__DefaultInterrupt)
                  0x00001c          0x4 LONG 0x2cc DEFINED (__IC2Interrupt)?ABSOLUTE (__IC2Interrupt):ABSOLUTE (__DefaultInterrupt)
                  0x00001e          0x4 LONG 0x2cc DEFINED (__OC2Interrupt)?ABSOLUTE (__OC2Interrupt):ABSOLUTE (__DefaultInterrupt)
                  0x000020          0x4 LONG 0x155a4 DEFINED (__T2Interrupt)?ABSOLUTE (__T2Interrupt):ABSOLUTE (__DefaultInterrupt)
                  0x000022          0x4 LONG 0x2cc DEFINED (__T3Interrupt)?ABSOLUTE (__T3Interrupt):ABSOLUTE (__DefaultInterrupt)
                  0x000024          0x4 LONG 0x2cc DEFINED (__SPI1Interrupt)?ABSOLUTE (__SPI1Interrupt):ABSOLUTE (__DefaultInterrupt)
                  0x000026          0x4 LONG 0x1645c DEFINED (__U1RXInterrupt)?ABSOLUTE (__U1RXInterrupt):ABSOLUTE (__DefaultInterrupt)
                  0x000028          0x4 LONG 0x1635a DEFINED (__U1TXInterrupt)?ABSOLUTE (__U1TXInterrupt):ABSOLUTE (__DefaultInterrupt)
                  0x00002a          0x4 LONG 0x11c32 DEFINED (__ADCInterrupt)?ABSOLUTE (__ADCInterrupt):ABSOLUTE (__DefaultInterrupt)
                  0x00002c          0x4 LONG 0x2cc DEFINED (__NVMInterrupt)?ABSOLUTE (__NVMInterrupt):ABSOLUTE (__DefaultInterrupt)
                  0x00002e          0x4 LONG 0x2cc DEFINED (__SI2CInterrupt)?ABSOLUTE (__SI2CInterrupt):ABSOLUTE (__DefaultInterrupt)
                  0x000030          0x4 LONG 0x1404c DEFINED (__MI2CInterrupt)?ABSOLUTE (__MI2CInterrupt):ABSOLUTE (__DefaultInterrupt)
                  0x000032          0x4 LONG 0x2cc DEFINED (__CNInterrupt)?ABSOLUTE (__CNInterrupt):ABSOLUTE (__DefaultInterrupt)
                  0x000034          0x4 LONG 0x2cc DEFINED (__INT1Interrupt)?ABSOLUTE (__INT1Interrupt):ABSOLUTE (__DefaultInterrupt)
                  0x000036          0x4 LONG 0x2cc DEFINED (__IC7Interrupt)?ABSOLUTE (__IC7Interrupt):ABSOLUTE (__DefaultInterrupt)
                  0x000038          0x4 LONG 0x2cc DEFINED (__IC8Interrupt)?ABSOLUTE (__IC8Interrupt):ABSOLUTE (__DefaultInterrupt)
                  0x00003a          0x4 LONG 0x2cc DEFINED (__OC3Interrupt)?ABSOLUTE (__OC3Interrupt):ABSOLUTE (__DefaultInterrupt)
                  0x00003c          0x4 LONG 0x2cc DEFINED (__OC4Interrupt)?ABSOLUTE (__OC4Interrupt):ABSOLUTE (__DefaultInterrupt)
                  0x00003e          0x4 LONG 0x1651a DEFINED (__T4Interrupt)?ABSOLUTE (__T4Interrupt):ABSOLUTE (__DefaultInterrupt)
                  0x000040          0x4 LONG 0x1ba DEFINED (__T5Interrupt)?ABSOLUTE (__T5Interrupt):ABSOLUTE (__DefaultInterrupt)
                  0x000042          0x4 LONG 0x2cc DEFINED (__INT2Interrupt)?ABSOLUTE (__INT2Interrupt):ABSOLUTE (__DefaultInterrupt)
                  0x000044          0x4 LONG 0x1641a DEFINED (__U2RXInterrupt)?ABSOLUTE (__U2RXInterrupt):ABSOLUTE (__DefaultInterrupt)
                  0x000046          0x4 LONG 0x163ba DEFINED (__U2TXInterrupt)?ABSOLUTE (__U2TXInterrupt):ABSOLUTE (__DefaultInterrupt)
                  0x000048          0x4 LONG 0x2cc DEFINED (__SPI2Interrupt)?ABSOLUTE (__SPI2Interrupt):ABSOLUTE (__DefaultInterrupt)
                  0x00004a          0x4 LONG 0x2cc DEFINED (__C1Interrupt)?ABSOLUTE (__C1Interrupt):ABSOLUTE (__DefaultInterrupt)
                  0x00004c          0x4 LONG 0x2cc DEFINED (__IC3Interrupt)?ABSOLUTE (__IC3Interrupt):ABSOLUTE (__DefaultInterrupt)
                  0x00004e          0x4 LONG 0x2cc DEFINED (__IC4Interrupt)?ABSOLUTE (__IC4Interrupt):ABSOLUTE (__DefaultInterrupt)
                  0x000050          0x4 LONG 0x2cc DEFINED (__IC5Interrupt)?ABSOLUTE (__IC5Interrupt):ABSOLUTE (__DefaultInterrupt)
                  0x000052          0x4 LONG 0x2cc DEFINED (__IC6Interrupt)?ABSOLUTE (__IC6Interrupt):ABSOLUTE (__DefaultInterrupt)
                  0x000054          0x4 LONG 0x2cc DEFINED (__OC5Interrupt)?ABSOLUTE (__OC5Interrupt):ABSOLUTE (__DefaultInterrupt)
                  0x000056          0x4 LONG 0x2cc DEFINED (__OC6Interrupt)?ABSOLUTE (__OC6Interrupt):ABSOLUTE (__DefaultInterrupt)
                  0x000058          0x4 LONG 0x2cc DEFINED (__OC7Interrupt)?ABSOLUTE (__OC7Interrupt):ABSOLUTE (__DefaultInterrupt)
                  0x00005a          0x4 LONG 0x2cc DEFINED (__OC8Interrupt)?ABSOLUTE (__OC8Interrupt):ABSOLUTE (__DefaultInterrupt)
                  0x00005c          0x4 LONG 0x2cc DEFINED (__INT3Interrupt)?ABSOLUTE (__INT3Interrupt):ABSOLUTE (__DefaultInterrupt)
                  0x00005e          0x4 LONG 0x2cc DEFINED (__INT4Interrupt)?ABSOLUTE (__INT4Interrupt):ABSOLUTE (__DefaultInterrupt)
                  0x000060          0x4 LONG 0x2cc DEFINED (__C2Interrupt)?ABSOLUTE (__C2Interrupt):ABSOLUTE (__DefaultInterrupt)
                  0x000062          0x4 LONG 0x2cc DEFINED (__PWMInterrupt)?ABSOLUTE (__PWMInterrupt):ABSOLUTE (__DefaultInterrupt)
                  0x000064          0x4 LONG 0x2cc DEFINED (__QEIInterrupt)?ABSOLUTE (__QEIInterrupt):ABSOLUTE (__DefaultInterrupt)
                  0x000066          0x4 LONG 0x162e4 DEFINED (__DCIInterrupt)?ABSOLUTE (__DCIInterrupt):ABSOLUTE (__DefaultInterrupt)
                  0x000068          0x4 LONG 0x2cc DEFINED (__LVDInterrupt)?ABSOLUTE (__LVDInterrupt):ABSOLUTE (__DefaultInterrupt)
                  0x00006a          0x4 LONG 0x2cc DEFINED (__FLTAInterrupt)?ABSOLUTE (__FLTAInterrupt):ABSOLUTE (__DefaultInterrupt)
                  0x00006c          0x4 LONG 0x2cc DEFINED (__FLTBInterrupt)?ABSOLUTE (__FLTBInterrupt):ABSOLUTE (__DefaultInterrupt)
                  0x00006e          0x4 LONG 0x2cc DEFINED (__Interrupt45)?ABSOLUTE (__Interrupt45):ABSOLUTE (__DefaultInterrupt)
                  0x000070          0x4 LONG 0x2cc DEFINED (__Interrupt46)?ABSOLUTE (__Interrupt46):ABSOLUTE (__DefaultInterrupt)
                  0x000072          0x4 LONG 0x2cc DEFINED (__Interrupt47)?ABSOLUTE (__Interrupt47):ABSOLUTE (__DefaultInterrupt)
                  0x000074          0x4 LONG 0x2cc DEFINED (__Interrupt48)?ABSOLUTE (__Interrupt48):ABSOLUTE (__DefaultInterrupt)
                  0x000076          0x4 LONG 0x2cc DEFINED (__Interrupt49)?ABSOLUTE (__Interrupt49):ABSOLUTE (__DefaultInterrupt)
                  0x000078          0x4 LONG 0x2cc DEFINED (__Interrupt50)?ABSOLUTE (__Interrupt50):ABSOLUTE (__DefaultInterrupt)
                  0x00007a          0x4 LONG 0x2cc DEFINED (__Interrupt51)?ABSOLUTE (__Interrupt51):ABSOLUTE (__DefaultInterrupt)
                  0x00007c          0x4 LONG 0x2cc DEFINED (__Interrupt52)?ABSOLUTE (__Interrupt52):ABSOLUTE (__DefaultInterrupt)
                  0x00007e          0x4 LONG 0x2cc DEFINED (__Interrupt53)?ABSOLUTE (__Interrupt53):ABSOLUTE (__DefaultInterrupt)

.aivt             0x000084         0x7c
                  0x000084          0x4 LONG 0x2cc DEFINED (__AltReservedTrap0)?ABSOLUTE (__AltReservedTrap0):DEFINED (__ReservedTrap0)?ABSOLUTE (__ReservedTrap0):ABSOLUTE (__DefaultInterrupt)
                  0x000086          0x4 LONG 0x2cc DEFINED (__AltOscillatorFail)?ABSOLUTE (__AltOscillatorFail):DEFINED (__OscillatorFail)?ABSOLUTE (__OscillatorFail):ABSOLUTE (__DefaultInterrupt)
                  0x000088          0x4 LONG 0x2cc DEFINED (__AltAddressError)?ABSOLUTE (__AltAddressError):DEFINED (__AddressError)?ABSOLUTE (__AddressError):ABSOLUTE (__DefaultInterrupt)
                  0x00008a          0x4 LONG 0x2cc DEFINED (__AltStackError)?ABSOLUTE (__AltStackError):DEFINED (__StackError)?ABSOLUTE (__StackError):ABSOLUTE (__DefaultInterrupt)
                  0x00008c          0x4 LONG 0x2cc DEFINED (__AltMathError)?ABSOLUTE (__AltMathError):DEFINED (__MathError)?ABSOLUTE (__MathError):ABSOLUTE (__DefaultInterrupt)
                  0x00008e          0x4 LONG 0x2cc DEFINED (__AltReservedTrap5)?ABSOLUTE (__AltReservedTrap5):DEFINED (__ReservedTrap5)?ABSOLUTE (__ReservedTrap5):ABSOLUTE (__DefaultInterrupt)
                  0x000090          0x4 LONG 0x2cc DEFINED (__AltReservedTrap6)?ABSOLUTE (__AltReservedTrap6):DEFINED (__ReservedTrap6)?ABSOLUTE (__ReservedTrap6):ABSOLUTE (__DefaultInterrupt)
                  0x000092          0x4 LONG 0x2cc DEFINED (__AltReservedTrap7)?ABSOLUTE (__AltReservedTrap7):DEFINED (__ReservedTrap7)?ABSOLUTE (__ReservedTrap7):ABSOLUTE (__DefaultInterrupt)
                  0x000094          0x4 LONG 0x1594e DEFINED (__AltINT0Interrupt)?ABSOLUTE (__AltINT0Interrupt):DEFINED (__INT0Interrupt)?ABSOLUTE (__INT0Interrupt):ABSOLUTE (__DefaultInterrupt)
                  0x000096          0x4 LONG 0x2cc DEFINED (__AltIC1Interrupt)?ABSOLUTE (__AltIC1Interrupt):DEFINED (__IC1Interrupt)?ABSOLUTE (__IC1Interrupt):ABSOLUTE (__DefaultInterrupt)
                  0x000098          0x4 LONG 0x2cc DEFINED (__AltOC1Interrupt)?ABSOLUTE (__AltOC1Interrupt):DEFINED (__OC1Interrupt)?ABSOLUTE (__OC1Interrupt):ABSOLUTE (__DefaultInterrupt)
                  0x00009a          0x4 LONG 0x2cc DEFINED (__AltT1Interrupt)?ABSOLUTE (__AltT1Interrupt):DEFINED (__T1Interrupt)?ABSOLUTE (__T1Interrupt):ABSOLUTE (__DefaultInterrupt)
                  0x00009c          0x4 LONG 0x2cc DEFINED (__AltIC2Interrupt)?ABSOLUTE (__AltIC2Interrupt):DEFINED (__IC2Interrupt)?ABSOLUTE (__IC2Interrupt):ABSOLUTE (__DefaultInterrupt)
                  0x00009e          0x4 LONG 0x2cc DEFINED (__AltOC2Interrupt)?ABSOLUTE (__AltOC2Interrupt):DEFINED (__OC2Interrupt)?ABSOLUTE (__OC2Interrupt):ABSOLUTE (__DefaultInterrupt)
                  0x0000a0          0x4 LONG 0x155a4 DEFINED (__AltT2Interrupt)?ABSOLUTE (__AltT2Interrupt):DEFINED (__T2Interrupt)?ABSOLUTE (__T2Interrupt):ABSOLUTE (__DefaultInterrupt)
                  0x0000a2          0x4 LONG 0x2cc DEFINED (__AltT3Interrupt)?ABSOLUTE (__AltT3Interrupt):DEFINED (__T3Interrupt)?ABSOLUTE (__T3Interrupt):ABSOLUTE (__DefaultInterrupt)
                  0x0000a4          0x4 LONG 0x2cc DEFINED (__AltSPI1Interrupt)?ABSOLUTE (__AltSPI1Interrupt):DEFINED (__SPI1Interrupt)?ABSOLUTE (__SPI1Interrupt):ABSOLUTE (__DefaultInterrupt)
                  0x0000a6          0x4 LONG 0x1645c DEFINED (__AltU1RXInterrupt)?ABSOLUTE (__AltU1RXInterrupt):DEFINED (__U1RXInterrupt)?ABSOLUTE (__U1RXInterrupt):ABSOLUTE (__DefaultInterrupt)
                  0x0000a8          0x4 LONG 0x1635a DEFINED (__AltU1TXInterrupt)?ABSOLUTE (__AltU1TXInterrupt):DEFINED (__U1TXInterrupt)?ABSOLUTE (__U1TXInterrupt):ABSOLUTE (__DefaultInterrupt)
                  0x0000aa          0x4 LONG 0x11c32 DEFINED (__AltADCInterrupt)?ABSOLUTE (__AltADCInterrupt):DEFINED (__ADCInterrupt)?ABSOLUTE (__ADCInterrupt):ABSOLUTE (__DefaultInterrupt)
                  0x0000ac          0x4 LONG 0x2cc DEFINED (__AltNVMInterrupt)?ABSOLUTE (__AltNVMInterrupt):DEFINED (__NVMInterrupt)?ABSOLUTE (__NVMInterrupt):ABSOLUTE (__DefaultInterrupt)
                  0x0000ae          0x4 LONG 0x2cc DEFINED (__AltSI2CInterrupt)?ABSOLUTE (__AltSI2CInterrupt):DEFINED (__SI2CInterrupt)?ABSOLUTE (__SI2CInterrupt):ABSOLUTE (__DefaultInterrupt)
                  0x0000b0          0x4 LONG 0x1404c DEFINED (__AltMI2CInterrupt)?ABSOLUTE (__AltMI2CInterrupt):DEFINED (__MI2CInterrupt)?ABSOLUTE (__MI2CInterrupt):ABSOLUTE (__DefaultInterrupt)
                  0x0000b2          0x4 LONG 0x2cc DEFINED (__AltCNInterrupt)?ABSOLUTE (__AltCNInterrupt):DEFINED (__CNInterrupt)?ABSOLUTE (__CNInterrupt):ABSOLUTE (__DefaultInterrupt)
                  0x0000b4          0x4 LONG 0x2cc DEFINED (__AltINT1Interrupt)?ABSOLUTE (__AltINT1Interrupt):DEFINED (__INT1Interrupt)?ABSOLUTE (__INT1Interrupt):ABSOLUTE (__DefaultInterrupt)
                  0x0000b6          0x4 LONG 0x2cc DEFINED (__AltIC7Interrupt)?ABSOLUTE (__AltIC7Interrupt):DEFINED (__IC7Interrupt)?ABSOLUTE (__IC7Interrupt):ABSOLUTE (__DefaultInterrupt)
                  0x0000b8          0x4 LONG 0x2cc DEFINED (__AltIC8Interrupt)?ABSOLUTE (__AltIC8Interrupt):DEFINED (__IC8Interrupt)?ABSOLUTE (__IC8Interrupt):ABSOLUTE (__DefaultInterrupt)
                  0x0000ba          0x4 LONG 0x2cc DEFINED (__AltOC3Interrupt)?ABSOLUTE (__AltOC3Interrupt):DEFINED (__OC3Interrupt)?ABSOLUTE (__OC3Interrupt):ABSOLUTE (__DefaultInterrupt)
                  0x0000bc          0x4 LONG 0x2cc DEFINED (__AltOC4Interrupt)?ABSOLUTE (__AltOC4Interrupt):DEFINED (__OC4Interrupt)?ABSOLUTE (__OC4Interrupt):ABSOLUTE (__DefaultInterrupt)
                  0x0000be          0x4 LONG 0x1651a DEFINED (__AltT4Interrupt)?ABSOLUTE (__AltT4Interrupt):DEFINED (__T4Interrupt)?ABSOLUTE (__T4Interrupt):ABSOLUTE (__DefaultInterrupt)
                  0x0000c0          0x4 LONG 0x1ba DEFINED (__AltT5Interrupt)?ABSOLUTE (__AltT5Interrupt):DEFINED (__T5Interrupt)?ABSOLUTE (__T5Interrupt):ABSOLUTE (__DefaultInterrupt)
                  0x0000c2          0x4 LONG 0x2cc DEFINED (__AltINT2Interrupt)?ABSOLUTE (__AltINT2Interrupt):DEFINED (__INT2Interrupt)?ABSOLUTE (__INT2Interrupt):ABSOLUTE (__DefaultInterrupt)
                  0x0000c4          0x4 LONG 0x1641a DEFINED (__AltU2RXInterrupt)?ABSOLUTE (__AltU2RXInterrupt):DEFINED (__U2RXInterrupt)?ABSOLUTE (__U2RXInterrupt):ABSOLUTE (__DefaultInterrupt)
                  0x0000c6          0x4 LONG 0x163ba DEFINED (__AltU2TXInterrupt)?ABSOLUTE (__AltU2TXInterrupt):DEFINED (__U2TXInterrupt)?ABSOLUTE (__U2TXInterrupt):ABSOLUTE (__DefaultInterrupt)
                  0x0000c8          0x4 LONG 0x2cc DEFINED (__AltSPI2Interrupt)?ABSOLUTE (__AltSPI2Interrupt):DEFINED (__SPI2Interrupt)?ABSOLUTE (__SPI2Interrupt):ABSOLUTE (__DefaultInterrupt)
                  0x0000ca          0x4 LONG 0x2cc DEFINED (__AltC1Interrupt)?ABSOLUTE (__AltC1Interrupt):DEFINED (__C1Interrupt)?ABSOLUTE (__C1Interrupt):ABSOLUTE (__DefaultInterrupt)
                  0x0000cc          0x4 LONG 0x2cc DEFINED (__AltIC3Interrupt)?ABSOLUTE (__AltIC3Interrupt):DEFINED (__IC3Interrupt)?ABSOLUTE (__IC3Interrupt):ABSOLUTE (__DefaultInterrupt)
                  0x0000ce          0x4 LONG 0x2cc DEFINED (__AltIC4Interrupt)?ABSOLUTE (__AltIC4Interrupt):DEFINED (__IC4Interrupt)?ABSOLUTE (__IC4Interrupt):ABSOLUTE (__DefaultInterrupt)
                  0x0000d0          0x4 LONG 0x2cc DEFINED (__AltIC5Interrupt)?ABSOLUTE (__AltIC5Interrupt):DEFINED (__IC5Interrupt)?ABSOLUTE (__IC5Interrupt):ABSOLUTE (__DefaultInterrupt)
                  0x0000d2          0x4 LONG 0x2cc DEFINED (__AltIC6Interrupt)?ABSOLUTE (__AltIC6Interrupt):DEFINED (__IC6Interrupt)?ABSOLUTE (__IC6Interrupt):ABSOLUTE (__DefaultInterrupt)
                  0x0000d4          0x4 LONG 0x2cc DEFINED (__AltOC5Interrupt)?ABSOLUTE (__AltOC5Interrupt):DEFINED (__OC5Interrupt)?ABSOLUTE (__OC5Interrupt):ABSOLUTE (__DefaultInterrupt)
                  0x0000d6          0x4 LONG 0x2cc DEFINED (__AltOC6Interrupt)?ABSOLUTE (__AltOC6Interrupt):DEFINED (__OC6Interrupt)?ABSOLUTE (__OC6Interrupt):ABSOLUTE (__DefaultInterrupt)
                  0x0000d8          0x4 LONG 0x2cc DEFINED (__AltOC7Interrupt)?ABSOLUTE (__AltOC7Interrupt):DEFINED (__OC7Interrupt)?ABSOLUTE (__OC7Interrupt):ABSOLUTE (__DefaultInterrupt)
                  0x0000da          0x4 LONG 0x2cc DEFINED (__AltOC8Interrupt)?ABSOLUTE (__AltOC8Interrupt):DEFINED (__OC8Interrupt)?ABSOLUTE (__OC8Interrupt):ABSOLUTE (__DefaultInterrupt)
                  0x0000dc          0x4 LONG 0x2cc DEFINED (__AltINT3Interrupt)?ABSOLUTE (__AltINT3Interrupt):DEFINED (__INT3Interrupt)?ABSOLUTE (__INT3Interrupt):ABSOLUTE (__DefaultInterrupt)
                  0x0000de          0x4 LONG 0x2cc DEFINED (__AltINT4Interrupt)?ABSOLUTE (__AltINT4Interrupt):DEFINED (__INT4Interrupt)?ABSOLUTE (__INT4Interrupt):ABSOLUTE (__DefaultInterrupt)
                  0x0000e0          0x4 LONG 0x2cc DEFINED (__AltC2Interrupt)?ABSOLUTE (__AltC2Interrupt):DEFINED (__C2Interrupt)?ABSOLUTE (__C2Interrupt):ABSOLUTE (__DefaultInterrupt)
                  0x0000e2          0x4 LONG 0x2cc DEFINED (__AltPWMInterrupt)?ABSOLUTE (__AltPWMInterrupt):DEFINED (__PWMInterrupt)?ABSOLUTE (__PWMInterrupt):ABSOLUTE (__DefaultInterrupt)
                  0x0000e4          0x4 LONG 0x2cc DEFINED (__AltQEIInterrupt)?ABSOLUTE (__AltQEIInterrupt):DEFINED (__QEIInterrupt)?ABSOLUTE (__QEIInterrupt):ABSOLUTE (__DefaultInterrupt)
                  0x0000e6          0x4 LONG 0x162e4 DEFINED (__AltDCIInterrupt)?ABSOLUTE (__AltDCIInterrupt):DEFINED (__DCIInterrupt)?ABSOLUTE (__DCIInterrupt):ABSOLUTE (__DefaultInterrupt)
                  0x0000e8          0x4 LONG 0x2cc DEFINED (__AltLVDInterrupt)?ABSOLUTE (__AltLVDInterrupt):DEFINED (__LVDInterrupt)?ABSOLUTE (__LVDInterrupt):ABSOLUTE (__DefaultInterrupt)
                  0x0000ea          0x4 LONG 0x2cc DEFINED (__AltFLTAInterrupt)?ABSOLUTE (__AltFLTAInterrupt):DEFINED (__FLTAInterrupt)?ABSOLUTE (__FLTAInterrupt):ABSOLUTE (__DefaultInterrupt)
                  0x0000ec          0x4 LONG 0x2cc DEFINED (__AltFLTBInterrupt)?ABSOLUTE (__AltFLTBInterrupt):DEFINED (__FLTBInterrupt)?ABSOLUTE (__FLTBInterrupt):ABSOLUTE (__DefaultInterrupt)
                  0x0000ee          0x4 LONG 0x2cc DEFINED (__AltInterrupt45)?ABSOLUTE (__AltInterrupt45):DEFINED (__Interrupt45)?ABSOLUTE (__Interrupt45):ABSOLUTE (__DefaultInterrupt)
                  0x0000f0          0x4 LONG 0x2cc DEFINED (__AltInterrupt46)?ABSOLUTE (__AltInterrupt46):DEFINED (__Interrupt46)?ABSOLUTE (__Interrupt46):ABSOLUTE (__DefaultInterrupt)
                  0x0000f2          0x4 LONG 0x2cc DEFINED (__AltInterrupt47)?ABSOLUTE (__AltInterrupt47):DEFINED (__Interrupt47)?ABSOLUTE (__Interrupt47):ABSOLUTE (__DefaultInterrupt)
                  0x0000f4          0x4 LONG 0x2cc DEFINED (__AltInterrupt48)?ABSOLUTE (__AltInterrupt48):DEFINED (__Interrupt48)?ABSOLUTE (__Interrupt48):ABSOLUTE (__DefaultInterrupt)
                  0x0000f6          0x4 LONG 0x2cc DEFINED (__AltInterrupt49)?ABSOLUTE (__AltInterrupt49):DEFINED (__Interrupt49)?ABSOLUTE (__Interrupt49):ABSOLUTE (__DefaultInterrupt)
                  0x0000f8          0x4 LONG 0x2cc DEFINED (__AltInterrupt50)?ABSOLUTE (__AltInterrupt50):DEFINED (__Interrupt50)?ABSOLUTE (__Interrupt50):ABSOLUTE (__DefaultInterrupt)
                  0x0000fa          0x4 LONG 0x2cc DEFINED (__AltInterrupt51)?ABSOLUTE (__AltInterrupt51):DEFINED (__Interrupt51)?ABSOLUTE (__Interrupt51):ABSOLUTE (__DefaultInterrupt)
                  0x0000fc          0x4 LONG 0x2cc DEFINED (__AltInterrupt52)?ABSOLUTE (__AltInterrupt52):DEFINED (__Interrupt52)?ABSOLUTE (__Interrupt52):ABSOLUTE (__DefaultInterrupt)
                  0x0000fe          0x4 LONG 0x2cc DEFINED (__AltInterrupt53)?ABSOLUTE (__AltInterrupt53):DEFINED (__Interrupt53)?ABSOLUTE (__Interrupt53):ABSOLUTE (__DefaultInterrupt)
                    0x0000                  WREG0 = 0x0
                    0x0000                  _WREG0 = 0x0
                    0x0002                  WREG1 = 0x2
                    0x0002                  _WREG1 = 0x2
                    0x0004                  WREG2 = 0x4
                    0x0004                  _WREG2 = 0x4
                    0x0006                  WREG3 = 0x6
                    0x0006                  _WREG3 = 0x6
                    0x0008                  WREG4 = 0x8
                    0x0008                  _WREG4 = 0x8
                    0x000a                  WREG5 = 0xa
                    0x000a                  _WREG5 = 0xa
                    0x000c                  WREG6 = 0xc
                    0x000c                  _WREG6 = 0xc
                    0x000e                  WREG7 = 0xe
                    0x000e                  _WREG7 = 0xe
                    0x0010                  WREG8 = 0x10
                    0x0010                  _WREG8 = 0x10
                    0x0012                  WREG9 = 0x12
                    0x0012                  _WREG9 = 0x12
                    0x0014                  WREG10 = 0x14
                    0x0014                  _WREG10 = 0x14
                    0x0016                  WREG11 = 0x16
                    0x0016                  _WREG11 = 0x16
                    0x0018                  WREG12 = 0x18
                    0x0018                  _WREG12 = 0x18
                    0x001a                  WREG13 = 0x1a
                    0x001a                  _WREG13 = 0x1a
                    0x001c                  WREG14 = 0x1c
                    0x001c                  _WREG14 = 0x1c
                    0x001e                  WREG15 = 0x1e
                    0x001e                  _WREG15 = 0x1e
                    0x0020                  SPLIM = 0x20
                    0x0020                  _SPLIM = 0x20
                    0x0022                  ACCAL = 0x22
                    0x0022                  _ACCAL = 0x22
                    0x0024                  ACCAH = 0x24
                    0x0024                  _ACCAH = 0x24
                    0x0026                  ACCAU = 0x26
                    0x0026                  _ACCAU = 0x26
                    0x0028                  ACCBL = 0x28
                    0x0028                  _ACCBL = 0x28
                    0x002a                  ACCBH = 0x2a
                    0x002a                  _ACCBH = 0x2a
                    0x002c                  ACCBU = 0x2c
                    0x002c                  _ACCBU = 0x2c
                    0x002e                  PCL = 0x2e
                    0x002e                  _PCL = 0x2e
                    0x0030                  PCH = 0x30
                    0x0030                  _PCH = 0x30
                    0x0032                  TBLPAG = 0x32
                    0x0032                  _TBLPAG = 0x32
                    0x0034                  PSVPAG = 0x34
                    0x0034                  _PSVPAG = 0x34
                    0x0036                  RCOUNT = 0x36
                    0x0036                  _RCOUNT = 0x36
                    0x0038                  DCOUNT = 0x38
                    0x0038                  _DCOUNT = 0x38
                    0x003a                  DOSTARTL = 0x3a
                    0x003a                  _DOSTARTL = 0x3a
                    0x003c                  DOSTARTH = 0x3c
                    0x003c                  _DOSTARTH = 0x3c
                    0x003e                  DOENDL = 0x3e
                    0x003e                  _DOENDL = 0x3e
                    0x0040                  DOENDH = 0x40
                    0x0040                  _DOENDH = 0x40
                    0x0042                  SR = 0x42
                    0x0042                  _SR = 0x42
                    0x0042                  _SRbits = 0x42
                    0x0044                  CORCON = 0x44
                    0x0044                  _CORCON = 0x44
                    0x0044                  _CORCONbits = 0x44
                    0x0046                  MODCON = 0x46
                    0x0046                  _MODCON = 0x46
                    0x0046                  _MODCONbits = 0x46
                    0x0048                  XMODSRT = 0x48
                    0x0048                  _XMODSRT = 0x48
                    0x004a                  XMODEND = 0x4a
                    0x004a                  _XMODEND = 0x4a
                    0x004c                  YMODSRT = 0x4c
                    0x004c                  _YMODSRT = 0x4c
                    0x004e                  YMODEND = 0x4e
                    0x004e                  _YMODEND = 0x4e
                    0x0050                  XBREV = 0x50
                    0x0050                  _XBREV = 0x50
                    0x0050                  _XBREVbits = 0x50
                    0x0052                  DISICNT = 0x52
                    0x0052                  _DISICNT = 0x52
                    0x0052                  _DISICNTbits = 0x52
                    0x0080                  INTCON1 = 0x80
                    0x0080                  _INTCON1 = 0x80
                    0x0080                  _INTCON1bits = 0x80
                    0x0082                  INTCON2 = 0x82
                    0x0082                  _INTCON2 = 0x82
                    0x0082                  _INTCON2bits = 0x82
                    0x0084                  IFS0 = 0x84
                    0x0084                  _IFS0 = 0x84
                    0x0084                  _IFS0bits = 0x84
                    0x0086                  IFS1 = 0x86
                    0x0086                  _IFS1 = 0x86
                    0x0086                  _IFS1bits = 0x86
                    0x0088                  IFS2 = 0x88
                    0x0088                  _IFS2 = 0x88
                    0x0088                  _IFS2bits = 0x88
                    0x008c                  IEC0 = 0x8c
                    0x008c                  _IEC0 = 0x8c
                    0x008c                  _IEC0bits = 0x8c
                    0x008e                  IEC1 = 0x8e
                    0x008e                  _IEC1 = 0x8e
                    0x008e                  _IEC1bits = 0x8e
                    0x0090                  IEC2 = 0x90
                    0x0090                  _IEC2 = 0x90
                    0x0090                  _IEC2bits = 0x90
                    0x0094                  IPC0 = 0x94
                    0x0094                  _IPC0 = 0x94
                    0x0094                  _IPC0bits = 0x94
                    0x0096                  IPC1 = 0x96
                    0x0096                  _IPC1 = 0x96
                    0x0096                  _IPC1bits = 0x96
                    0x0098                  IPC2 = 0x98
                    0x0098                  _IPC2 = 0x98
                    0x0098                  _IPC2bits = 0x98
                    0x009a                  IPC3 = 0x9a
                    0x009a                  _IPC3 = 0x9a
                    0x009a                  _IPC3bits = 0x9a
                    0x009c                  IPC4 = 0x9c
                    0x009c                  _IPC4 = 0x9c
                    0x009c                  _IPC4bits = 0x9c
                    0x009e                  IPC5 = 0x9e
                    0x009e                  _IPC5 = 0x9e
                    0x009e                  _IPC5bits = 0x9e
                    0x00a0                  IPC6 = 0xa0
                    0x00a0                  _IPC6 = 0xa0
                    0x00a0                  _IPC6bits = 0xa0
                    0x00a2                  IPC7 = 0xa2
                    0x00a2                  _IPC7 = 0xa2
                    0x00a2                  _IPC7bits = 0xa2
                    0x00a4                  IPC8 = 0xa4
                    0x00a4                  _IPC8 = 0xa4
                    0x00a4                  _IPC8bits = 0xa4
                    0x00a6                  IPC9 = 0xa6
                    0x00a6                  _IPC9 = 0xa6
                    0x00a6                  _IPC9bits = 0xa6
                    0x00a8                  IPC10 = 0xa8
                    0x00a8                  _IPC10 = 0xa8
                    0x00a8                  _IPC10bits = 0xa8
                    0x00b0                  INTTREG = 0xb0
                    0x00b0                  _INTTREG = 0xb0
                    0x00b0                  _INTTREGbits = 0xb0
                    0x00c0                  CNEN1 = 0xc0
                    0x00c0                  _CNEN1 = 0xc0
                    0x00c0                  _CNEN1bits = 0xc0
                    0x00c2                  CNEN2 = 0xc2
                    0x00c2                  _CNEN2 = 0xc2
                    0x00c2                  _CNEN2bits = 0xc2
                    0x00c4                  CNPU1 = 0xc4
                    0x00c4                  _CNPU1 = 0xc4
                    0x00c4                  _CNPU1bits = 0xc4
                    0x00c6                  CNPU2 = 0xc6
                    0x00c6                  _CNPU2 = 0xc6
                    0x00c6                  _CNPU2bits = 0xc6
                    0x0100                  TMR1 = 0x100
                    0x0100                  _TMR1 = 0x100
                    0x0102                  PR1 = 0x102
                    0x0102                  _PR1 = 0x102
                    0x0104                  T1CON = 0x104
                    0x0104                  _T1CON = 0x104
                    0x0104                  _T1CONbits = 0x104
                    0x0106                  TMR2 = 0x106
                    0x0106                  _TMR2 = 0x106
                    0x0108                  TMR3HLD = 0x108
                    0x0108                  _TMR3HLD = 0x108
                    0x010a                  TMR3 = 0x10a
                    0x010a                  _TMR3 = 0x10a
                    0x010c                  PR2 = 0x10c
                    0x010c                  _PR2 = 0x10c
                    0x010e                  PR3 = 0x10e
                    0x010e                  _PR3 = 0x10e
                    0x0110                  T2CON = 0x110
                    0x0110                  _T2CON = 0x110
                    0x0110                  _T2CONbits = 0x110
                    0x0112                  T3CON = 0x112
                    0x0112                  _T3CON = 0x112
                    0x0112                  _T3CONbits = 0x112
                    0x0114                  TMR4 = 0x114
                    0x0114                  _TMR4 = 0x114
                    0x0116                  TMR5HLD = 0x116
                    0x0116                  _TMR5HLD = 0x116
                    0x0118                  TMR5 = 0x118
                    0x0118                  _TMR5 = 0x118
                    0x011a                  PR4 = 0x11a
                    0x011a                  _PR4 = 0x11a
                    0x011c                  PR5 = 0x11c
                    0x011c                  _PR5 = 0x11c
                    0x011e                  T4CON = 0x11e
                    0x011e                  _T4CON = 0x11e
                    0x011e                  _T4CONbits = 0x11e
                    0x0120                  T5CON = 0x120
                    0x0120                  _T5CON = 0x120
                    0x0120                  _T5CONbits = 0x120
                    0x0140                  IC1BUF = 0x140
                    0x0140                  _IC1BUF = 0x140
                    0x0142                  IC1CON = 0x142
                    0x0142                  _IC1CON = 0x142
                    0x0142                  _IC1CONbits = 0x142
                    0x0144                  IC2BUF = 0x144
                    0x0144                  _IC2BUF = 0x144
                    0x0146                  IC2CON = 0x146
                    0x0146                  _IC2CON = 0x146
                    0x0146                  _IC2CONbits = 0x146
                    0x0148                  IC3BUF = 0x148
                    0x0148                  _IC3BUF = 0x148
                    0x014a                  IC3CON = 0x14a
                    0x014a                  _IC3CON = 0x14a
                    0x014a                  _IC3CONbits = 0x14a
                    0x014c                  IC4BUF = 0x14c
                    0x014c                  _IC4BUF = 0x14c
                    0x014e                  IC4CON = 0x14e
                    0x014e                  _IC4CON = 0x14e
                    0x014e                  _IC4CONbits = 0x14e
                    0x0150                  IC5BUF = 0x150
                    0x0150                  _IC5BUF = 0x150
                    0x0152                  IC5CON = 0x152
                    0x0152                  _IC5CON = 0x152
                    0x0152                  _IC5CONbits = 0x152
                    0x0154                  IC6BUF = 0x154
                    0x0154                  _IC6BUF = 0x154
                    0x0156                  IC6CON = 0x156
                    0x0156                  _IC6CON = 0x156
                    0x0156                  _IC6CONbits = 0x156
                    0x0158                  IC7BUF = 0x158
                    0x0158                  _IC7BUF = 0x158
                    0x015a                  IC7CON = 0x15a
                    0x015a                  _IC7CON = 0x15a
                    0x015a                  _IC7CONbits = 0x15a
                    0x015c                  IC8BUF = 0x15c
                    0x015c                  _IC8BUF = 0x15c
                    0x015e                  IC8CON = 0x15e
                    0x015e                  _IC8CON = 0x15e
                    0x015e                  _IC8CONbits = 0x15e
                    0x0180                  OC1RS = 0x180
                    0x0180                  _OC1RS = 0x180
                    0x0182                  OC1R = 0x182
                    0x0182                  _OC1R = 0x182
                    0x0184                  OC1CON = 0x184
                    0x0184                  _OC1CON = 0x184
                    0x0184                  _OC1CONbits = 0x184
                    0x0186                  OC2RS = 0x186
                    0x0186                  _OC2RS = 0x186
                    0x0188                  OC2R = 0x188
                    0x0188                  _OC2R = 0x188
                    0x018a                  OC2CON = 0x18a
                    0x018a                  _OC2CON = 0x18a
                    0x018a                  _OC2CONbits = 0x18a
                    0x018c                  OC3RS = 0x18c
                    0x018c                  _OC3RS = 0x18c
                    0x018e                  OC3R = 0x18e
                    0x018e                  _OC3R = 0x18e
                    0x0190                  OC3CON = 0x190
                    0x0190                  _OC3CON = 0x190
                    0x0190                  _OC3CONbits = 0x190
                    0x0192                  OC4RS = 0x192
                    0x0192                  _OC4RS = 0x192
                    0x0194                  OC4R = 0x194
                    0x0194                  _OC4R = 0x194
                    0x0196                  OC4CON = 0x196
                    0x0196                  _OC4CON = 0x196
                    0x0196                  _OC4CONbits = 0x196
                    0x0198                  OC5RS = 0x198
                    0x0198                  _OC5RS = 0x198
                    0x019a                  OC5R = 0x19a
                    0x019a                  _OC5R = 0x19a
                    0x019c                  OC5CON = 0x19c
                    0x019c                  _OC5CON = 0x19c
                    0x019c                  _OC5CONbits = 0x19c
                    0x019e                  OC6RS = 0x19e
                    0x019e                  _OC6RS = 0x19e
                    0x01a0                  OC6R = 0x1a0
                    0x01a0                  _OC6R = 0x1a0
                    0x01a2                  OC6CON = 0x1a2
                    0x01a2                  _OC6CON = 0x1a2
                    0x01a2                  _OC6CONbits = 0x1a2
                    0x01a4                  OC7RS = 0x1a4
                    0x01a4                  _OC7RS = 0x1a4
                    0x01a6                  OC7R = 0x1a6
                    0x01a6                  _OC7R = 0x1a6
                    0x01a8                  OC7CON = 0x1a8
                    0x01a8                  _OC7CON = 0x1a8
                    0x01a8                  _OC7CONbits = 0x1a8
                    0x01aa                  OC8RS = 0x1aa
                    0x01aa                  _OC8RS = 0x1aa
                    0x01ac                  OC8R = 0x1ac
                    0x01ac                  _OC8R = 0x1ac
                    0x01ae                  OC8CON = 0x1ae
                    0x01ae                  _OC8CON = 0x1ae
                    0x01ae                  _OC8CONbits = 0x1ae
                    0x0200                  I2CRCV = 0x200
                    0x0200                  _I2CRCV = 0x200
                    0x0200                  _I2CRCVbits = 0x200
                    0x0202                  I2CTRN = 0x202
                    0x0202                  _I2CTRN = 0x202
                    0x0202                  _I2CTRNbits = 0x202
                    0x0204                  I2CBRG = 0x204
                    0x0204                  _I2CBRG = 0x204
                    0x0204                  _I2CBRGbits = 0x204
                    0x0206                  I2CCON = 0x206
                    0x0206                  _I2CCON = 0x206
                    0x0206                  _I2CCONbits = 0x206
                    0x0208                  I2CSTAT = 0x208
                    0x0208                  _I2CSTAT = 0x208
                    0x0208                  _I2CSTATbits = 0x208
                    0x020a                  I2CADD = 0x20a
                    0x020a                  _I2CADD = 0x20a
                    0x020a                  _I2CADDbits = 0x20a
                    0x020c                  U1MODE = 0x20c
                    0x020c                  _U1MODE = 0x20c
                    0x020c                  _U1MODEbits = 0x20c
                    0x020e                  U1STA = 0x20e
                    0x020e                  _U1STA = 0x20e
                    0x020e                  _U1STAbits = 0x20e
                    0x0210                  U1TXREG = 0x210
                    0x0210                  _U1TXREG = 0x210
                    0x0210                  _U1TXREGbits = 0x210
                    0x0212                  U1RXREG = 0x212
                    0x0212                  _U1RXREG = 0x212
                    0x0212                  _U1RXREGbits = 0x212
                    0x0214                  U1BRG = 0x214
                    0x0214                  _U1BRG = 0x214
                    0x0216                  U2MODE = 0x216
                    0x0216                  _U2MODE = 0x216
                    0x0216                  _U2MODEbits = 0x216
                    0x0218                  U2STA = 0x218
                    0x0218                  _U2STA = 0x218
                    0x0218                  _U2STAbits = 0x218
                    0x021a                  U2TXREG = 0x21a
                    0x021a                  _U2TXREG = 0x21a
                    0x021a                  _U2TXREGbits = 0x21a
                    0x021c                  U2RXREG = 0x21c
                    0x021c                  _U2RXREG = 0x21c
                    0x021c                  _U2RXREGbits = 0x21c
                    0x021e                  U2BRG = 0x21e
                    0x021e                  _U2BRG = 0x21e
                    0x0220                  SPI1STAT = 0x220
                    0x0220                  _SPI1STAT = 0x220
                    0x0220                  _SPI1STATbits = 0x220
                    0x0222                  SPI1CON = 0x222
                    0x0222                  _SPI1CON = 0x222
                    0x0222                  _SPI1CONbits = 0x222
                    0x0224                  SPI1BUF = 0x224
                    0x0224                  _SPI1BUF = 0x224
                    0x0226                  SPI2STAT = 0x226
                    0x0226                  _SPI2STAT = 0x226
                    0x0226                  _SPI2STATbits = 0x226
                    0x0228                  SPI2CON = 0x228
                    0x0228                  _SPI2CON = 0x228
                    0x0228                  _SPI2CONbits = 0x228
                    0x022a                  SPI2BUF = 0x22a
                    0x022a                  _SPI2BUF = 0x22a
                    0x0240                  DCICON1 = 0x240
                    0x0240                  _DCICON1 = 0x240
                    0x0240                  _DCICON1bits = 0x240
                    0x0242                  DCICON2 = 0x242
                    0x0242                  _DCICON2 = 0x242
                    0x0242                  _DCICON2bits = 0x242
                    0x0244                  DCICON3 = 0x244